Component: ARM Compiler 5.06 update 2 (build 183) Tool: armlink [4d35b7]

==============================================================================

Section Cross References

    main.o(i.main) refers to delay.o(i.delay_init) for delay_init
    main.o(i.main) refers to sys.o(i.JTAG_Set) for JTAG_Set
    main.o(i.main) refers to led.o(i.Led_Init) for Led_Init
    main.o(i.main) refers to motor.o(i.PWM_Init) for PWM_Init
    main.o(i.main) refers to encoder.o(i.EncoderR_Init) for EncoderR_Init
    main.o(i.main) refers to encoder.o(i.EncoderL_Init) for EncoderL_Init
    main.o(i.main) refers to oled.o(i.OLED_Init) for OLED_Init
    main.o(i.main) refers to ioi2c.o(i.IIC_Init) for IIC_Init
    main.o(i.main) refers to mpu6050.o(i.MPU6050_initialize) for MPU6050_initialize
    main.o(i.main) refers to mpu6050.o(i.DMP_Init) for DMP_Init
    main.o(i.main) refers to delay.o(i.delay_ms) for delay_ms
    main.o(i.main) refers to exti.o(i.MiniBalance_EXTI_Init) for MiniBalance_EXTI_Init
    main.o(i.main) refers to show.o(i.oled_show) for oled_show
    encoder.o(i.EncoderL_Init) refers to stm32f10x_rcc.o(i.RCC_APB2PeriphClockCmd) for RCC_APB2PeriphClockCmd
    encoder.o(i.EncoderL_Init) refers to stm32f10x_rcc.o(i.RCC_APB1PeriphClockCmd) for RCC_APB1PeriphClockCmd
    encoder.o(i.EncoderL_Init) refers to stm32f10x_gpio.o(i.GPIO_Init) for GPIO_Init
    encoder.o(i.EncoderR_Init) refers to stm32f10x_rcc.o(i.RCC_APB2PeriphClockCmd) for RCC_APB2PeriphClockCmd
    encoder.o(i.EncoderR_Init) refers to stm32f10x_rcc.o(i.RCC_APB1PeriphClockCmd) for RCC_APB1PeriphClockCmd
    encoder.o(i.EncoderR_Init) refers to stm32f10x_gpio.o(i.GPIO_Init) for GPIO_Init
    led.o(i.Led_Flash) refers to stm32f10x_gpio.o(i.GPIO_ResetBits) for GPIO_ResetBits
    led.o(i.Led_Flash) refers to stm32f10x_gpio.o(i.GPIO_SetBits) for GPIO_SetBits
    led.o(i.Led_Flash) refers to led.o(.data) for state
    led.o(i.Led_Init) refers to stm32f10x_rcc.o(i.RCC_APB2PeriphClockCmd) for RCC_APB2PeriphClockCmd
    led.o(i.Led_Init) refers to stm32f10x_gpio.o(i.GPIO_Init) for GPIO_Init
    led.o(i.Led_Init) refers to stm32f10x_gpio.o(i.GPIO_SetBits) for GPIO_SetBits
    motor.o(i.Motor_Init) refers to stm32f10x_rcc.o(i.RCC_APB2PeriphClockCmd) for RCC_APB2PeriphClockCmd
    motor.o(i.Motor_Init) refers to stm32f10x_gpio.o(i.GPIO_Init) for GPIO_Init
    motor.o(i.PWM_Init) refers to stm32f10x_rcc.o(i.RCC_APB2PeriphClockCmd) for RCC_APB2PeriphClockCmd
    motor.o(i.PWM_Init) refers to stm32f10x_tim.o(i.TIM_TimeBaseInit) for TIM_TimeBaseInit
    motor.o(i.PWM_Init) refers to stm32f10x_tim.o(i.TIM_OC1Init) for TIM_OC1Init
    motor.o(i.PWM_Init) refers to stm32f10x_tim.o(i.TIM_OC1PreloadConfig) for TIM_OC1PreloadConfig
    motor.o(i.PWM_Init) refers to stm32f10x_tim.o(i.TIM_OC4Init) for TIM_OC4Init
    motor.o(i.PWM_Init) refers to stm32f10x_tim.o(i.TIM_OC4PreloadConfig) for TIM_OC4PreloadConfig
    motor.o(i.PWM_Init) refers to stm32f10x_tim.o(i.TIM_ARRPreloadConfig) for TIM_ARRPreloadConfig
    motor.o(i.PWM_Init) refers to stm32f10x_tim.o(i.TIM_Cmd) for TIM_Cmd
    motor.o(i.PWM_Init) refers to stm32f10x_tim.o(i.TIM_CtrlPWMOutputs) for TIM_CtrlPWMOutputs
    timer.o(i.Tim3_Init) refers to stm32f10x_rcc.o(i.RCC_APB1PeriphClockCmd) for RCC_APB1PeriphClockCmd
    timer.o(i.Tim3_Init) refers to stm32f10x_tim.o(i.TIM_TimeBaseInit) for TIM_TimeBaseInit
    timer.o(i.Tim3_Init) refers to misc.o(i.NVIC_Init) for NVIC_Init
    oled.o(i.OLED_Clear) refers to oled.o(i.OLED_Refresh_Gram) for OLED_Refresh_Gram
    oled.o(i.OLED_Clear) refers to oled.o(.bss) for OLED_GRAM
    oled.o(i.OLED_Display_Off) refers to oled.o(i.OLED_WR_Byte) for OLED_WR_Byte
    oled.o(i.OLED_Display_On) refers to oled.o(i.OLED_WR_Byte) for OLED_WR_Byte
    oled.o(i.OLED_DrawPoint) refers to oled.o(.bss) for OLED_GRAM
    oled.o(i.OLED_Init) refers to stm32f10x_rcc.o(i.RCC_APB2PeriphClockCmd) for RCC_APB2PeriphClockCmd
    oled.o(i.OLED_Init) refers to stm32f10x_gpio.o(i.GPIO_Init) for GPIO_Init
    oled.o(i.OLED_Init) refers to stm32f10x_pwr.o(i.PWR_BackupAccessCmd) for PWR_BackupAccessCmd
    oled.o(i.OLED_Init) refers to stm32f10x_rcc.o(i.RCC_LSEConfig) for RCC_LSEConfig
    oled.o(i.OLED_Init) refers to stm32f10x_bkp.o(i.BKP_TamperPinCmd) for BKP_TamperPinCmd
    oled.o(i.OLED_Init) refers to oled.o(i.OLED_WR_Byte) for OLED_WR_Byte
    oled.o(i.OLED_Init) refers to oled.o(i.OLED_Clear) for OLED_Clear
    oled.o(i.OLED_Refresh_Gram) refers to oled.o(i.OLED_WR_Byte) for OLED_WR_Byte
    oled.o(i.OLED_Refresh_Gram) refers to oled.o(.bss) for OLED_GRAM
    oled.o(i.OLED_ShowChar) refers to oled.o(i.OLED_DrawPoint) for OLED_DrawPoint
    oled.o(i.OLED_ShowChar) refers to oled.o(.data) for oled_asc2_1206
    oled.o(i.OLED_ShowNumber) refers to oled.o(i.oled_pow) for oled_pow
    oled.o(i.OLED_ShowNumber) refers to oled.o(i.OLED_ShowChar) for OLED_ShowChar
    oled.o(i.OLED_ShowString) refers to oled.o(i.OLED_Clear) for OLED_Clear
[...]
    .text                                    0x08000470   Section       74  sys_stackheap_outer.o(.text)
    .text                                    0x080004ba   Section        0  exit.o(.text)
    i.BKP_TamperPinCmd                       0x080004cc   Section        0  stm32f10x_bkp.o(i.BKP_TamperPinCmd)
    i.DMP_Init                               0x080004d8   Section        0  mpu6050.o(i.DMP_Init)
    i.EXTI9_5_IRQHandler                     0x0800057c   Section        0  control.o(i.EXTI9_5_IRQHandler)
    i.EXTI_ClearITPendingBit                 0x08000634   Section        0  stm32f10x_exti.o(i.EXTI_ClearITPendingBit)
    i.EXTI_Init                              0x08000640   Section        0  stm32f10x_exti.o(i.EXTI_Init)
    i.EncoderL_Init                          0x080006d4   Section        0  encoder.o(i.EncoderL_Init)
    i.EncoderR_Init                          0x08000754   Section        0  encoder.o(i.EncoderR_Init)
    i.GPIO_EXTILineConfig                    0x080007e8   Section        0  stm32f10x_gpio.o(i.GPIO_EXTILineConfig)
    i.GPIO_Init                              0x08000828   Section        0  stm32f10x_gpio.o(i.GPIO_Init)
    i.GPIO_ResetBits                         0x0800093e   Section        0  stm32f10x_gpio.o(i.GPIO_ResetBits)
    i.GPIO_SetBits                           0x08000942   Section        0  stm32f10x_gpio.o(i.GPIO_SetBits)
    i.Get_Angle                              0x08000948   Section        0  control.o(i.Get_Angle)
    i.Get_Encoder                            0x0800097c   Section        0  encoder.o(i.Get_Encoder)
    i.I2C_ReadOneByte                        0x080009b4   Section        0  ioi2c.o(i.I2C_ReadOneByte)
    i.IIC_Ack                                0x080009fc   Section        0  ioi2c.o(i.IIC_Ack)
    i.IIC_Init                               0x08000a48   Section        0  ioi2c.o(i.IIC_Init)
    i.IIC_NAck                               0x08000a74   Section        0  ioi2c.o(i.IIC_NAck)
    i.IIC_Read_Byte                          0x08000ac0   Section        0  ioi2c.o(i.IIC_Read_Byte)
    i.IIC_Send_Byte                          0x08000b30   Section        0  ioi2c.o(i.IIC_Send_Byte)
    i.IIC_Start                              0x08000b94   Section        0  ioi2c.o(i.IIC_Start)
    i.IIC_Stop                               0x08000bfc   Section        0  ioi2c.o(i.IIC_Stop)
    i.IIC_Wait_Ack                           0x08000c44   Section        0  ioi2c.o(i.IIC_Wait_Ack)
    i.IICreadByte                            0x08000cac   Section        0  ioi2c.o(i.IICreadByte)
    i.IICwriteBit                            0x08000cc2   Section        0  ioi2c.o(i.IICwriteBit)
    i.IICwriteBits                           0x08000d02   Section        0  ioi2c.o(i.IICwriteBits)
    i.IICwriteByte                           0x08000d6c   Section        0  ioi2c.o(i.IICwriteByte)
    i.IICwriteBytes                          0x08000d80   Section        0  ioi2c.o(i.IICwriteBytes)
    i.JTAG_Set                               0x08000dc8   Section        0  sys.o(i.JTAG_Set)
    i.Led_Flash                              0x08000df8   Section        0  led.o(i.Led_Flash)
    i.Led_Init                               0x08000e5c   Section        0  led.o(i.Led_Init)
    i.MPU6050_initialize                     0x08000e94   Section        0  mpu6050.o(i.MPU6050_initialize)
    i.MPU6050_setClockSource                 0x08000ebc   Section        0  mpu6050.o(i.MPU6050_setClockSource)
    i.MPU6050_setFullScaleAccelRange         0x08000ed0   Section        0  mpu6050.o(i.MPU6050_setFullScaleAccelRange)
    i.MPU6050_setFullScaleGyroRange          0x08000ee4   Section        0  mpu6050.o(i.MPU6050_setFullScaleGyroRange)
    i.MPU6050_setI2CBypassEnabled            0x08000ef8   Section        0  mpu6050.o(i.MPU6050_setI2CBypassEnabled)
    i.MPU6050_setI2CMasterModeEnabled        0x08000f0a   Section        0  mpu6050.o(i.MPU6050_setI2CMasterModeEnabled)
    i.MPU6050_setSleepEnabled                0x08000f1c   Section        0  mpu6050.o(i.MPU6050_setSleepEnabled)
    i.MiniBalance_EXTI_Init                  0x08000f30   Section        0  exti.o(i.MiniBalance_EXTI_Init)
    i.NVIC_Init                              0x08000f9c   Section        0  misc.o(i.NVIC_Init)
    i.OLED_Clear                             0x0800100c   Section        0  oled.o(i.OLED_Clear)
    i.OLED_DrawPoint                         0x0800103c   Section        0  oled.o(i.OLED_DrawPoint)
    i.OLED_Init                              0x080010a4   Section        0  oled.o(i.OLED_Init)
    i.OLED_Refresh_Gram                      0x080011f8   Section        0  oled.o(i.OLED_Refresh_Gram)
    i.OLED_ShowChar                          0x08001244   Section        0  oled.o(i.OLED_ShowChar)
    i.OLED_ShowNumber                        0x080012ec   Section        0  oled.o(i.OLED_ShowNumber)
    i.OLED_ShowString                        0x08001380   Section        0  oled.o(i.OLED_ShowString)
    i.OLED_WR_Byte                           0x080013c4   Section        0  oled.o(i.OLED_WR_Byte)
    i.PID_BControl                           0x0800141c   Section        0  control.o(i.PID_BControl)
    i.PWM_Init                               0x08001474   Section        0  motor.o(i.PWM_Init)
    i.PWR_BackupAccessCmd                    0x08001504   Section        0  stm32f10x_pwr.o(i.PWR_BackupAccessCmd)
    i.RCC_APB1PeriphClockCmd                 0x08001510   Section        0  stm32f10x_rcc.o(i.RCC_APB1PeriphClockCmd)
    i.RCC_APB2PeriphClockCmd                 0x08001530   Section        0  stm32f10x_rcc.o(i.RCC_APB2PeriphClockCmd)
    i.RCC_LSEConfig                          0x08001550   Section        0  stm32f10x_rcc.o(i.RCC_LSEConfig)
    i.Read_DMP                               0x08001584   Section        0  mpu6050.o(i.Read_DMP)
    i.SetSysClock                            0x08001680   Section        0  system_stm32f10x.o(i.SetSysClock)
    SetSysClock                              0x08001681   Thumb Code     8  system_stm32f10x.o(i.SetSysClock)
    i.SetSysClockTo72                        0x08001688   Section        0  system_stm32f10x.o(i.SetSysClockTo72)
    SetSysClockTo72                          0x08001689   Thumb Code   214  system_stm32f10x.o(i.SetSysClockTo72)
    i.Set_Pwm                                0x08001768   Section        0  control.o(i.Set_Pwm)
    i.SysTick_CLKSourceConfig                0x080017e4   Section        0  misc.o(i.SysTick_CLKSourceConfig)
    i.SystemInit                             0x0800180c   Section        0  system_stm32f10x.o(i.SystemInit)
    i.TIM_ARRPreloadConfig                   0x0800186c   Section        0  stm32f10x_tim.o(i.TIM_ARRPreloadConfig)
    i.TIM_Cmd                                0x08001884   Section        0  stm32f10x_tim.o(i.TIM_Cmd)
    i.TIM_CtrlPWMOutputs                     0x0800189c   Section        0  stm32f10x_tim.o(i.TIM_CtrlPWMOutputs)
    i.TIM_OC1Init                            0x080018bc   Section        0  stm32f10x_tim.o(i.TIM_OC1Init)
    i.TIM_OC1PreloadConfig                   0x08001954   Section        0  stm32f10x_tim.o(i.TIM_OC1PreloadConfig)
    i.TIM_OC4Init                            0x08001968   Section        0  stm32f10x_tim.o(i.TIM_OC4Init)
    i.TIM_OC4PreloadConfig                   0x080019e4   Section        0  stm32f10x_tim.o(i.TIM_OC4PreloadConfig)
    i.TIM_TimeBaseInit                       0x08001a00   Section        0  stm32f10x_tim.o(i.TIM_TimeBaseInit)
    i.XianFu                                 0x08001aa4   Section        0  control.o(i.XianFu)
    i.__ARM_fpclassify                       0x08001abc   Section        0  fpclassify.o(i.__ARM_fpclassify)
    i.__kernel_poly                          0x08001ae4   Section        0  poly.o(i.__kernel_poly)
    i.__mathlib_dbl_infnan                   0x08001b8e   Section        0  dunder.o(i.__mathlib_dbl_infnan)
    i.__mathlib_dbl_invalid                  0x08001b94   Section        0  dunder.o(i.__mathlib_dbl_invalid)
    i.__mathlib_dbl_underflow                0x08001ba0   Section        0  dunder.o(i.__mathlib_dbl_underflow)
    i._sys_exit                              0x08001bb0   Section        0  usart.o(i._sys_exit)
    i.accel_self_test                        0x08001bb8   Section        0  inv_mpu.o(i.accel_self_test)
    accel_self_test                          0x08001bb9   Thumb Code   164  inv_mpu.o(i.accel_self_test)
    i.asin                                   0x08001c60   Section        0  asin.o(i.asin)
    i.decode_gesture                         0x08001ed0   Section        0  inv_mpu_dmp_motion_driver.o(i.decode_gesture)
    decode_gesture                           0x08001ed1   Thumb Code    94  inv_mpu_dmp_motion_driver.o(i.decode_gesture)
    i.delay_init                             0x08001f34   Section        0  delay.o(i.delay_init)
    i.delay_ms                               0x08001f78   Section        0  delay.o(i.delay_ms)
    i.delay_us                               0x08001fc4   Section        0  delay.o(i.delay_us)
    i.dmp_enable_6x_lp_quat                  0x08002010   Section        0  inv_mpu_dmp_motion_driver.o(i.dmp_enable_6x_lp_quat)
    i.dmp_enable_feature                     0x0800204c   Section        0  inv_mpu_dmp_motion_driver.o(i.dmp_enable_feature)
    i.dmp_enable_gyro_cal                    0x08002268   Section        0  inv_mpu_dmp_motion_driver.o(i.dmp_enable_gyro_cal)
    i.dmp_enable_lp_quat                     0x080022c0   Section        0  inv_mpu_dmp_motion_driver.o(i.dmp_enable_lp_quat)
    i.dmp_load_motion_driver_firmware        0x080022fc   Section        0  inv_mpu_dmp_motion_driver.o(i.dmp_load_motion_driver_firmware)
    i.dmp_read_fifo                          0x08002314   Section        0  inv_mpu_dmp_motion_driver.o(i.dmp_read_fifo)
    i.dmp_set_accel_bias                     0x080024e0   Section        0  inv_mpu_dmp_motion_driver.o(i.dmp_set_accel_bias)
    i.dmp_set_fifo_rate                      0x08002610   Section        0  inv_mpu_dmp_motion_driver.o(i.dmp_set_fifo_rate)
    i.dmp_set_gyro_bias                      0x08002680   Section        0  inv_mpu_dmp_motion_driver.o(i.dmp_set_gyro_bias)
    i.dmp_set_orientation                    0x080027b0   Section        0  inv_mpu_dmp_motion_driver.o(i.dmp_set_orientation)
    i.dmp_set_shake_reject_thresh            0x080028e8   Section        0  inv_mpu_dmp_motion_driver.o(i.dmp_set_shake_reject_thresh)
    i.dmp_set_shake_reject_time              0x08002920   Section        0  inv_mpu_dmp_motion_driver.o(i.dmp_set_shake_reject_time)
    i.dmp_set_shake_reject_timeout           0x08002946   Section        0  inv_mpu_dmp_motion_driver.o(i.dmp_set_shake_reject_timeout)
    i.dmp_set_tap_axes                       0x0800296c   Section        0  inv_mpu_dmp_motion_driver.o(i.dmp_set_tap_axes)
    i.dmp_set_tap_count                      0x080029b2   Section        0  inv_mpu_dmp_motion_driver.o(i.dmp_set_tap_count)
    i.dmp_set_tap_thresh                     0x080029d8   Section        0  inv_mpu_dmp_motion_driver.o(i.dmp_set_tap_thresh)
    i.dmp_set_tap_time                       0x08002b78   Section        0  inv_mpu_dmp_motion_driver.o(i.dmp_set_tap_time)
    i.dmp_set_tap_time_multi                 0x08002b9e   Section        0  inv_mpu_dmp_motion_driver.o(i.dmp_set_tap_time_multi)
    i.get_accel_prod_shift                   0x08002bc4   Section        0  inv_mpu.o(i.get_accel_prod_shift)
    get_accel_prod_shift                     0x08002bc5   Thumb Code   168  inv_mpu.o(i.get_accel_prod_shift)
    i.get_st_biases                          0x08002c78   Section        0  inv_mpu.o(i.get_st_biases)
    get_st_biases                            0x08002c79   Thumb Code  1132  inv_mpu.o(i.get_st_biases)
    i.gyro_self_test                         0x080030e8   Section        0  inv_mpu.o(i.gyro_self_test)
    gyro_self_test                           0x080030e9   Thumb Code   256  inv_mpu.o(i.gyro_self_test)
    i.i2cRead                                0x080031f8   Section        0  ioi2c.o(i.i2cRead)
    i.i2cWrite                               0x0800326e   Section        0  ioi2c.o(i.i2cWrite)
    i.inv_orientation_matrix_to_scalar       0x080032ce   Section        0  mpu6050.o(i.inv_orientation_matrix_to_scalar)
    inv_orientation_matrix_to_scalar         0x080032cf   Thumb Code    40  mpu6050.o(i.inv_orientation_matrix_to_scalar)
    i.inv_row_2_scale                        0x080032f6   Section        0  mpu6050.o(i.inv_row_2_scale)
    inv_row_2_scale                          0x080032f7   Thumb Code    78  mpu6050.o(i.inv_row_2_scale)
    i.main                                   0x08003344   Section        0  main.o(i.main)
    i.mpu_configure_fifo                     0x08003388   Section        0  inv_mpu.o(i.mpu_configure_fifo)
    i.mpu_get_accel_fsr                      0x080033f8   Section        0  inv_mpu.o(i.mpu_get_accel_fsr)
    i.mpu_get_accel_sens                     0x08003444   Section        0  inv_mpu.o(i.mpu_get_accel_sens)
    i.mpu_get_fifo_config                    0x08003498   Section        0  inv_mpu.o(i.mpu_get_fifo_config)
    i.mpu_get_gyro_fsr                       0x080034a8   Section        0  inv_mpu.o(i.mpu_get_gyro_fsr)
    i.mpu_get_gyro_sens                      0x080034ec   Section        0  inv_mpu.o(i.mpu_get_gyro_sens)
    i.mpu_get_lpf                            0x0800353c   Section        0  inv_mpu.o(i.mpu_get_lpf)
    i.mpu_get_sample_rate                    0x0800358c   Section        0  inv_mpu.o(i.mpu_get_sample_rate)
    i.mpu_init                               0x080035ac   Section        0  inv_mpu.o(i.mpu_init)
    i.mpu_load_firmware                      0x0800373c   Section        0  inv_mpu.o(i.mpu_load_firmware)
    i.mpu_lp_accel_mode                      0x080037f4   Section        0  inv_mpu.o(i.mpu_lp_accel_mode)
    i.mpu_read_fifo_stream                   0x080038d4   Section        0  inv_mpu.o(i.mpu_read_fifo_stream)
    i.mpu_read_mem                           0x08003994   Section        0  inv_mpu.o(i.mpu_read_mem)
    i.mpu_reset_fifo                         0x08003a14   Section        0  inv_mpu.o(i.mpu_reset_fifo)
    i.mpu_run_self_test                      0x08003bd0   Section        0  inv_mpu.o(i.mpu_run_self_test)
    i.mpu_set_accel_fsr                      0x08003cec   Section        0  inv_mpu.o(i.mpu_set_accel_fsr)
    i.mpu_set_bypass                         0x08003d70   Section        0  inv_mpu.o(i.mpu_set_bypass)
    i.mpu_set_dmp_state                      0x08003ebc   Section        0  inv_mpu.o(i.mpu_set_dmp_state)
    i.mpu_set_gyro_fsr                       0x08003f4c   Section        0  inv_mpu.o(i.mpu_set_gyro_fsr)
    i.mpu_set_int_latched                    0x08003fd4   Section        0  inv_mpu.o(i.mpu_set_int_latched)
    i.mpu_set_lpf                            0x08004040   Section        0  inv_mpu.o(i.mpu_set_lpf)
    i.mpu_set_sample_rate                    0x080040c4   Section        0  inv_mpu.o(i.mpu_set_sample_rate)
    i.mpu_set_sensors                        0x08004160   Section        0  inv_mpu.o(i.mpu_set_sensors)
    i.mpu_write_mem                          0x08004230   Section        0  inv_mpu.o(i.mpu_write_mem)
    i.myabs                                  0x080042b0   Section        0  control.o(i.myabs)
    i.myget_ms                               0x080042be   Section        0  inv_mpu.o(i.myget_ms)
    i.oled_pow                               0x080042c0   Section        0  oled.o(i.oled_pow)
    i.oled_show                              0x080042d8   Section        0  show.o(i.oled_show)
    i.run_self_test                          0x0800434c   Section        0  mpu6050.o(i.run_self_test)
    run_self_test                            0x0800434d   Thumb Code   144  mpu6050.o(i.run_self_test)
    i.set_int_enable                         0x080043dc   Section        0  inv_mpu.o(i.set_int_enable)
    set_int_enable                           0x080043dd   Thumb Code   138  inv_mpu.o(i.set_int_enable)
    i.sqrt                                   0x0800446c   Section        0  sqrt.o(i.sqrt)
    i.velocity                               0x080044b8   Section        0  control.o(i.velocity)
    x$fpl$d2f                                0x080045d4   Section       98  d2f.o(x$fpl$d2f)
    x$fpl$dadd                               0x08004638   Section      336  daddsub_clz.o(x$fpl$dadd)
    _dadd1                                   0x08004649   Thumb Code     0  daddsub_clz.o(x$fpl$dadd)
    x$fpl$dcheck1                            0x08004788   Section       16  dcheck1.o(x$fpl$dcheck1)
    x$fpl$ddiv                               0x08004798   Section      688  ddiv.o(x$fpl$ddiv)
    ddiv_entry                               0x0800479f   Thumb Code     0  ddiv.o(x$fpl$ddiv)
    x$fpl$dmul                               0x08004a48   Section      340  dmul.o(x$fpl$dmul)
    x$fpl$dnaninf                            0x08004b9c   Section      156  dnaninf.o(x$fpl$dnaninf)
    x$fpl$dretinf                            0x08004c38   Section       12  dretinf.o(x$fpl$dretinf)
    x$fpl$drsb                               0x08004c44   Section       22  daddsub_clz.o(x$fpl$drsb)
    x$fpl$dsqrt                              0x08004c5c   Section      460  dsqrt_noumaal.o(x$fpl$dsqrt)
    x$fpl$dsub                               0x08004e28   Section      468  daddsub_clz.o(x$fpl$dsub)
    _dsub1                                   0x08004e39   Thumb Code     0  daddsub_clz.o(x$fpl$dsub)
    x$fpl$f2d                                0x08004ffc   Section       86  f2d.o(x$fpl$f2d)
    x$fpl$fadd                               0x08005054   Section      196  faddsub_clz.o(x$fpl$fadd)
    _fadd1                                   0x08005063   Thumb Code     0  faddsub_clz.o(x$fpl$fadd)
    x$fpl$fcmpinf                            0x08005118   Section       24  fcmpi.o(x$fpl$fcmpinf)
    x$fpl$fdiv                               0x08005130   Section      388  fdiv.o(x$fpl$fdiv)
    _fdiv1                                   0x08005131   Thumb Code     0  fdiv.o(x$fpl$fdiv)
    x$fpl$feqf                               0x080052b4   Section      104  feqf.o(x$fpl$feqf)
    x$fpl$ffix                               0x0800531c   Section       54  ffix.o(x$fpl$ffix)
    x$fpl$ffixu                              0x08005354   Section       62  ffixu.o(x$fpl$ffixu)
    x$fpl$fflt                               0x08005394   Section       48  fflt_clz.o(x$fpl$fflt)
    x$fpl$ffltu                              0x080053c4   Section       38  fflt_clz.o(x$fpl$ffltu)
    x$fpl$fleqf                              0x080053ec   Section      104  fleqf.o(x$fpl$fleqf)
    x$fpl$fmul                               0x08005454   Section      258  fmul.o(x$fpl$fmul)
    x$fpl$fnaninf                            0x08005556   Section      140  fnaninf.o(x$fpl$fnaninf)
    x$fpl$fretinf                            0x080055e2   Section       10  fretinf.o(x$fpl$fretinf)
    x$fpl$frleqf                             0x080055ec   Section       98  frleqf.o(x$fpl$frleqf)
    x$fpl$fsub                               0x08005650   Section      234  faddsub_clz.o(x$fpl$fsub)
    _fsub1                                   0x0800565f   Thumb Code     0  faddsub_clz.o(x$fpl$fsub)
    x$fpl$retnan                             0x0800573a   Section      100  retnan.o(x$fpl$retnan)
    x$fpl$scalbn                             0x0800579e   Section       92  scalbn.o(x$fpl$scalbn)
    x$fpl$trapveneer                         0x080057fa   Section       48  trapv.o(x$fpl$trapveneer)
    x$fpl$usenofp                            0x0800582a   Section        0  usenofp.o(x$fpl$usenofp)
    .constdata                               0x0800582c   Section       80  inv_mpu.o(.constdata)
    .constdata                               0x0800587c   Section     3062  inv_mpu_dmp_motion_driver.o(.constdata)
    dmp_memory                               0x0800587c   Data        3062  inv_mpu_dmp_motion_driver.o(.constdata)
    .constdata                               0x08006478   Section       80  asin.o(.constdata)
    pS                                       0x08006478   Data          48  asin.o(.constdata)
    qS                                       0x080064a8   Data          32  asin.o(.constdata)
    .data                                    0x20000000   Section     2668  led.o(.data)
    oled_asc2_1206                           0x20000000   Data        1140  led.o(.data)
    oled_asc2_1608                           0x20000474   Data        1520  led.o(.data)
    number                                   0x20000a64   Data           4  led.o(.data)
    state                                    0x20000a68   Data           4  led.o(.data)
    .data                                    0x20000a6c   Section     2660  oled.o(.data)
    oled_asc2_1206                           0x20000a6c   Data        1140  oled.o(.data)
    oled_asc2_1608                           0x20000ee0   Data        1520  oled.o(.data)
    .data                                    0x200014d0   Section     2712  mpu6050.o(.data)
    oled_asc2_1206                           0x200014d0   Data        1140  mpu6050.o(.data)
    oled_asc2_1608                           0x20001944   Data        1520  mpu6050.o(.data)
    gyro_orientation                         0x20001f58   Data           9  mpu6050.o(.data)
    .data                                    0x20001f68   Section     2664  delay.o(.data)
    oled_asc2_1206                           0x20001f68   Data        1140  delay.o(.data)
    oled_asc2_1608                           0x200023dc   Data        1520  delay.o(.data)
    fac_us                                   0x200029cc   Data           1  delay.o(.data)
    fac_ms                                   0x200029ce   Data           2  delay.o(.data)
    .data                                    0x200029d0   Section     2720  control.o(.data)
    oled_asc2_1206                           0x200029d0   Data        1140  control.o(.data)
    oled_asc2_1608                           0x20002e44   Data        1520  control.o(.data)
    Bias                                     0x20003450   Data           4  control.o(.data)
    pwm                                      0x20003454   Data           4  control.o(.data)
    Velocity                                 0x20003458   Data           4  control.o(.data)
    Encoder_Least                            0x2000345c   Data           4  control.o(.data)
    Encoder                                  0x20003460   Data           4  control.o(.data)
    Movement                                 0x20003464   Data           4  control.o(.data)
    Encoder_Integral                         0x20003468   Data           4  control.o(.data)
    Target_Velocity                          0x2000346c   Data           4  control.o(.data)
    .data                                    0x20003470   Section     2704  inv_mpu.o(.data)
    oled_asc2_1206                           0x20003470   Data        1140  inv_mpu.o(.data)
    oled_asc2_1608                           0x200038e4   Data        1520  inv_mpu.o(.data)
    st                                       0x20003ed4   Data          44  inv_mpu.o(.data)
    .data                                    0x20003f00   Section       20  system_stm32f10x.o(.data)
    .bss                                     0x20003f14   Section     1024  oled.o(.bss)
    .bss                                     0x20004314   Section       16  inv_mpu_dmp_motion_driver.o(.bss)
    dmp                                      0x20004314   Data          16  inv_mpu_dmp_motion_driver.o(.bss)
    .bss                                     0x20004324   Section       96  libspace.o(.bss)
    HEAP                                     0x20004388   Section     1024  startup_stm32f10x_md.o(HEAP)
    Heap_Mem                                 0x20004388   Data        1024  startup_stm32f10x_md.o(HEAP)
    STACK                                    0x20004788   Section     1536  startup_stm32f10x_md.o(STACK)
    Stack_Mem                                0x20004788   Data        1536  startup_stm32f10x_md.o(STACK)
    __initial_sp                             0x20004d88   Data           0  startup_stm32f10x_md.o(STACK)

    Global Symbols

    Symbol Name                              Value     Ov Type        Size  Object(Section)

    BuildAttributes$$THM_ISAv4$P$D$K$B$S$PE$A:L22UL41UL21$X:L11$S22US41US21$IEEE1$IW$USESV6$~STKCKD$USESV7$~SHL$OTIME$ROPI$IEEEX$EBA8$UX$STANDARDLIB$REQ8$PRES8$EABIv2 0x00000000   Number         0  anon$$obj.o ABSOLUTE
    __ARM_use_no_argv                        0x00000000   Number         0  main.o ABSOLUTE
    __ARM_exceptions_init                     - Undefined Weak Reference
    __alloca_initialize                       - Undefined Weak Reference
    __arm_preinit_                            - Undefined Weak Reference
    __cpp_initialize__aeabi_                  - Undefined Weak Reference
    __cxa_finalize                            - Undefined Weak Reference
    __rt_locale                               - Undefined Weak Reference
    __sigvec_lookup                           - Undefined Weak Reference
    _atexit_init                              - Undefined Weak Reference
    _call_atexit_fns                          - Undefined Weak Reference
    _clock_init                               - Undefined Weak Reference
    _fp_trap_init                             - Undefined Weak Reference
    _fp_trap_shutdown                         - Undefined Weak Reference
    _get_lc_collate                           - Undefined Weak Reference
    _get_lc_ctype                             - Undefined Weak Reference
    _get_lc_monetary                          - Undefined Weak Reference
    _get_lc_numeric                           - Undefined Weak Reference
    _get_lc_time                              - Undefined Weak Reference
    _getenv_init                              - Undefined Weak Reference
    _handle_redirection                       - Undefined Weak Reference
    _init_alloc                               - Undefined Weak Reference
    _init_user_alloc                          - Undefined Weak Reference
    _initio                                   - Undefined Weak Reference
    _rand_init                                - Undefined Weak Reference
    _signal_finish                            - Undefined Weak Reference
    _signal_init                              - Undefined Weak Reference
    _terminate_alloc                          - Undefined Weak Reference
    _terminate_user_alloc                     - Undefined Weak Reference
    _terminateio                              - Undefined Weak Reference
    __Vectors_Size                           0x000000ec   Number         0  startup_stm32f10x_md.o ABSOLUTE
    __Vectors                                0x08000000   Data           4  startup_stm32f10x_md.o(RESET)
    __Vectors_End                            0x080000ec   Data           0  startup_stm32f10x_md.o(RESET)
    __main                                   0x080000ed   Thumb Code     8  __main.o(!!!main)
    __scatterload                            0x080000f5   Thumb Code     0  __scatter.o(!!!scatter)
    __scatterload_rt2                        0x080000f5   Thumb Code    44  __scatter.o(!!!scatter)
    __scatterload_rt2_thumb_only             0x080000f5   Thumb Code     0  __scatter.o(!!!scatter)
    __scatterload_null                       0x08000103   Thumb Code     0  __scatter.o(!!!scatter)
    __decompress                             0x08000129   Thumb Code   100  __dclz77c.o(!!dclz77c)
    __decompress2                            0x08000129   Thumb Code     0  __dclz77c.o(!!dclz77c)
    __scatterload_zeroinit                   0x0800018d   Thumb Code    28  __scatter_zi.o(!!handler_zi)
    __rt_lib_init                            0x080001a9   Thumb Code     0  libinit.o(.ARM.Collect$$libinit$$00000000)
    __rt_lib_init_alloca_1                   0x080001ab   Thumb Code     0  libinit2.o(.ARM.Collect$$libinit$$0000002E)
    __rt_lib_init_argv_1                     0x080001ab   Thumb Code     0  libinit2.o(.ARM.Collect$$libinit$$0000002C)
    __rt_lib_init_atexit_1                   0x080001ab   Thumb Code     0  libinit2.o(.ARM.Collect$$libinit$$0000001B)
    __rt_lib_init_clock_1                    0x080001ab   Thumb Code     0  libinit2.o(.ARM.Collect$$libinit$$00000021)
    __rt_lib_init_cpp_1                      0x080001ab   Thumb Code     0  libinit2.o(.ARM.Collect$$libinit$$00000032)
    __rt_lib_init_exceptions_1               0x080001ab   Thumb Code     0  libinit2.o(.ARM.Collect$$libinit$$00000030)
    __rt_lib_init_fp_1                       0x080001ab   Thumb Code     0  libinit2.o(.ARM.Collect$$libinit$$00000002)
    __rt_lib_init_fp_trap_1                  0x080001ab   Thumb Code     0  libinit2.o(.ARM.Collect$$libinit$$0000001F)
    __rt_lib_init_getenv_1                   0x080001ab   Thumb Code     0  libinit2.o(.ARM.Collect$$libinit$$00000023)
    __rt_lib_init_heap_1                     0x080001ab   Thumb Code     0  libinit2.o(.ARM.Collect$$libinit$$0000000A)
    __rt_lib_init_lc_collate_1               0x080001ab   Thumb Code     0  libinit2.o(.ARM.Collect$$libinit$$00000011)
    __rt_lib_init_lc_ctype_1                 0x080001ab   Thumb Code     0  libinit2.o(.ARM.Collect$$libinit$$00000013)
    __rt_lib_init_lc_monetary_1              0x080001ab   Thumb Code     0  libinit2.o(.ARM.Collect$$libinit$$00000015)
    __rt_lib_init_lc_numeric_1               0x080001ab   Thumb Code     0  libinit2.o(.ARM.Collect$$libinit$$00000017)
    __rt_lib_init_lc_time_1                  0x080001ab   Thumb Code     0  libinit2.o(.ARM.Collect$$libinit$$00000019)
    __rt_lib_init_preinit_1                  0x080001ab   Thumb Code     0  libinit2.o(.ARM.Collect$$libinit$$00000004)
    __rt_lib_init_rand_1                     0x080001ab   Thumb Code     0  libinit2.o(.ARM.Collect$$libinit$$0000000E)
    __rt_lib_init_return                     0x080001ab   Thumb Code     0  libinit2.o(.ARM.Collect$$libinit$$00000033)
    __rt_lib_init_signal_1                   0x080001ab   Thumb Code     0  libinit2.o(.ARM.Collect$$libinit$$0000001D)
    __rt_lib_init_stdio_1                    0x080001ab   Thumb Code     0  libinit2.o(.ARM.Collect$$libinit$$00000025)
    __rt_lib_init_user_alloc_1               0x080001ab   Thumb Code     0  libinit2.o(.ARM.Collect$$libinit$$0000000C)
    __rt_lib_shutdown                        0x080001ad   Thumb Code     0  libshutdown.o(.ARM.Collect$$libshutdown$$00000000)
    __rt_lib_shutdown_cpp_1                  0x080001af   Thumb Code     0  libshutdown2.o(.ARM.Collect$$libshutdown$$00000002)
    __rt_lib_shutdown_fp_trap_1              0x080001af   Thumb Code     0  libshutdown2.o(.ARM.Collect$$libshutdown$$00000007)
    __rt_lib_shutdown_heap_1                 0x080001af   Thumb Code     0  libshutdown2.o(.ARM.Collect$$libshutdown$$0000000F)
    __rt_lib_shutdown_return                 0x080001af   Thumb Code     0  libshutdown2.o(.ARM.Collect$$libshutdown$$00000010)
    __rt_lib_shutdown_signal_1               0x080001af   Thumb Code     0  libshutdown2.o(.ARM.Collect$$libshutdown$$0000000A)
    __rt_lib_shutdown_stdio_1                0x080001af   Thumb Code     0  libshutdown2.o(.ARM.Collect$$libshutdown$$00000004)
    __rt_lib_shutdown_user_alloc_1           0x080001af   Thumb Code     0  libshutdown2.o(.ARM.Collect$$libshutdown$$0000000C)
    __rt_entry                               0x080001b1   Thumb Code     0  __rtentry.o(.ARM.Collect$$rtentry$$00000000)
    __rt_entry_presh_1                       0x080001b1   Thumb Code     0  __rtentry2.o(.ARM.Collect$$rtentry$$00000002)
    __rt_entry_sh                            0x080001b1   Thumb Code     0  __rtentry4.o(.ARM.Collect$$rtentry$$00000004)
    __rt_entry_li                            0x080001b7   Thumb Code     0  __rtentry2.o(.ARM.Collect$$rtentry$$0000000A)
    __rt_entry_postsh_1                      0x080001b7   Thumb Code     0  __rtentry2.o(.ARM.Collect$$rtentry$$00000009)
    __rt_entry_main                          0x080001bb   Thumb Code     0  __rtentry2.o(.ARM.Collect$$rtentry$$0000000D)
    __rt_entry_postli_1                      0x080001bb   Thumb Code     0  __rtentry2.o(.ARM.Collect$$rtentry$$0000000C)
    __rt_exit                                0x080001c3   Thumb Code     0  rtexit.o(.ARM.Collect$$rtexit$$00000000)
    __rt_exit_ls                             0x080001c5   Thumb Code     0  rtexit2.o(.ARM.Collect$$rtexit$$00000003)
    __rt_exit_prels_1                        0x080001c5   Thumb Code     0  rtexit2.o(.ARM.Collect$$rtexit$$00000002)
    __rt_exit_exit                           0x080001c9   Thumb Code     0  rtexit2.o(.ARM.Collect$$rtexit$$00000004)
    Reset_Handler                            0x080001d1   Thumb Code     8  startup_stm32f10x_md.o(.text)
    NMI_Handler                              0x080001d9   Thumb Code     2  startup_stm32f10x_md.o(.text)
    HardFault_Handler                        0x080001db   Thumb Code     2  startup_stm32f10x_md.o(.text)
    MemManage_Handler                        0x080001dd   Thumb Code     2  startup_stm32f10x_md.o(.text)
    BusFault_Handler                         0x080001df   Thumb Code     2  startup_stm32f10x_md.o(.text)
    UsageFault_Handler                       0x080001e1   Thumb Code     2  startup_stm32f10x_md.o(.text)
    SVC_Handler                              0x080001e3   Thumb Code     2  startup_stm32f10x_md.o(.text)
    DebugMon_Handler                         0x080001e5   Thumb Code     2  startup_stm32f10x_md.o(.text)
    PendSV_Handler                           0x080001e7   Thumb Code     2  startup_stm32f10x_md.o(.text)
    SysTick_Handler                          0x080001e9   Thumb Code     2  startup_stm32f10x_md.o(.text)
    ADC1_2_IRQHandler                        0x080001eb   Thumb Code     0  startup_stm32f10x_md.o(.text)
    CAN1_RX1_IRQHandler                      0x080001eb   Thumb Code     0  startup_stm32f10x_md.o(.text)
    CAN1_SCE_IRQHandler                      0x080001eb   Thumb Code     0  startup_stm32f10x_md.o(.text)
    DMA1_Channel1_IRQHandler                 0x080001eb   Thumb Code     0  startup_stm32f10x_md.o(.text)
    DMA1_Channel2_IRQHandler                 0x080001eb   Thumb Code     0  startup_stm32f10x_md.o(.text)
    DMA1_Channel3_IRQHandler                 0x080001eb   Thumb Code     0  startup_stm32f10x_md.o(.text)
    DMA1_Channel4_IRQHandler                 0x080001eb   Thumb Code     0  startup_stm32f10x_md.o(.text)
    DMA1_Channel5_IRQHandler                 0x080001eb   Thumb Code     0  startup_stm32f10x_md.o(.text)
    DMA1_Channel6_IRQHandler                 0x080001eb   Thumb Code     0  startup_stm32f10x_md.o(.text)
    DMA1_Channel7_IRQHandler                 0x080001eb   Thumb Code     0  startup_stm32f10x_md.o(.text)
    EXTI0_IRQHandler                         0x080001eb   Thumb Code     0  startup_stm32f10x_md.o(.text)
    EXTI15_10_IRQHandler                     0x080001eb   Thumb Code     0  startup_stm32f10x_md.o(.text)
    EXTI1_IRQHandler                         0x080001eb   Thumb Code     0  startup_stm32f10x_md.o(.text)
    EXTI2_IRQHandler                         0x080001eb   Thumb Code     0  startup_stm32f10x_md.o(.text)
    EXTI3_IRQHandler                         0x080001eb   Thumb Code     0  startup_stm32f10x_md.o(.text)
    EXTI4_IRQHandler                         0x080001eb   Thumb Code     0  startup_stm32f10x_md.o(.text)
    FLASH_IRQHandler                         0x080001eb   Thumb Code     0  startup_stm32f10x_md.o(.text)
    I2C1_ER_IRQHandler                       0x080001eb   Thumb Code     0  startup_stm32f10x_md.o(.text)
    I2C1_EV_IRQHandler                       0x080001eb   Thumb Code     0  startup_stm32f10x_md.o(.text)
    I2C2_ER_IRQHandler                       0x080001eb   Thumb Code     0  startup_stm32f10x_md.o(.text)
    I2C2_EV_IRQHandler                       0x080001eb   Thumb Code     0  startup_stm32f10x_md.o(.text)
    PVD_IRQHandler                           0x080001eb   Thumb Code     0  startup_stm32f10x_md.o(.text)
    RCC_IRQHandler                           0x080001eb   Thumb Code     0  startup_stm32f10x_md.o(.text)
    RTCAlarm_IRQHandler                      0x080001eb   Thumb Code     0  startup_stm32f10x_md.o(.text)
    RTC_IRQHandler                           0x080001eb   Thumb Code     0  startup_stm32f10x_md.o(.text)
    SPI1_IRQHandler                          0x080001eb   Thumb Code     0  startup_stm32f10x_md.o(.text)
    SPI2_IRQHandler                          0x080001eb   Thumb Code     0  startup_stm32f10x_md.o(.text)
    TAMPER_IRQHandler                        0x080001eb   Thumb Code     0  startup_stm32f10x_md.o(.text)
    TIM1_BRK_IRQHandler                      0x080001eb   Thumb Code     0  startup_stm32f10x_md.o(.text)
    TIM1_CC_IRQHandler                       0x080001eb   Thumb Code     0  startup_stm32f10x_md.o(.text)
    TIM1_TRG_COM_IRQHandler                  0x080001eb   Thumb Code     0  startup_stm32f10x_md.o(.text)
    TIM1_UP_IRQHandler                       0x080001eb   Thumb Code     0  startup_stm32f10x_md.o(.text)
    TIM2_IRQHandler                          0x080001eb   Thumb Code     0  startup_stm32f10x_md.o(.text)
    TIM3_IRQHandler                          0x080001eb   Thumb Code     0  startup_stm32f10x_md.o(.text)
    TIM4_IRQHandler                          0x080001eb   Thumb Code     0  startup_stm32f10x_md.o(.text)
    USART1_IRQHandler                        0x080001eb   Thumb Code     0  startup_stm32f10x_md.o(.text)
    USART2_IRQHandler                        0x080001eb   Thumb Code     0  startup_stm32f10x_md.o(.text)
    USART3_IRQHandler                        0x080001eb   Thumb Code     0  startup_stm32f10x_md.o(.text)
    USBWakeUp_IRQHandler                     0x080001eb   Thumb Code     0  startup_stm32f10x_md.o(.text)
    USB_HP_CAN1_TX_IRQHandler                0x080001eb   Thumb Code     0  startup_stm32f10x_md.o(.text)
    USB_LP_CAN1_RX0_IRQHandler               0x080001eb   Thumb Code     0  startup_stm32f10x_md.o(.text)
    WWDG_IRQHandler                          0x080001eb   Thumb Code     0  startup_stm32f10x_md.o(.text)
    __user_initial_stackheap                 0x080001ed   Thumb Code     0  startup_stm32f10x_md.o(.text)
    __aeabi_ldivmod                          0x08000211   Thumb Code     0  llsdiv.o(.text)
    _ll_sdiv                                 0x08000211   Thumb Code    72  llsdiv.o(.text)
    memcmp                                   0x08000259   Thumb Code    88  memcmp.o(.text)
    __aeabi_memset                           0x080002b1   Thumb Code    16  aeabi_memset.o(.text)
    __use_two_region_memory                  0x080002c1   Thumb Code     2  heapauxi.o(.text)
    __rt_heap_escrow$2region                 0x080002c3   Thumb Code     2  heapauxi.o(.text)
    __rt_heap_expand$2region                 0x080002c5   Thumb Code     2  heapauxi.o(.text)
    __aeabi_uldivmod                         0x080002c7   Thumb Code     0  lludivv7m.o(.text)
    _ll_udiv                                 0x080002c7   Thumb Code   238  lludivv7m.o(.text)
    __read_errno                             0x080003b5   Thumb Code    10  _rserrno.o(.text)
    __set_errno                              0x080003bf   Thumb Code    12  _rserrno.o(.text)
    __aeabi_memclr                           0x080003cb   Thumb Code     0  rt_memclr.o(.text)
    __rt_memclr                              0x080003cb   Thumb Code    68  rt_memclr.o(.text)
    _memset                                  0x080003cf   Thumb Code     0  rt_memclr.o(.text)
    __aeabi_errno_addr                       0x08000411   Thumb Code     8  rt_errno_addr_intlibspace.o(.text)
    __errno$intlibspace                      0x08000411   Thumb Code     0  rt_errno_addr_intlibspace.o(.text)
    __rt_errno_addr$intlibspace              0x08000411   Thumb Code     0  rt_errno_addr_intlibspace.o(.text)
    __aeabi_memclr4                          0x08000419   Thumb Code     0  rt_memclr_w.o(.text)
    __aeabi_memclr8                          0x08000419   Thumb Code     0  rt_memclr_w.o(.text)
    __rt_memclr_w                            0x08000419   Thumb Code    78  rt_memclr_w.o(.text)
    _memset_w                                0x0800041d   Thumb Code     0  rt_memclr_w.o(.text)
    __user_libspace                          0x08000469   Thumb Code     8  libspace.o(.text)
    __user_perproc_libspace                  0x08000469   Thumb Code     0  libspace.o(.text)
    __user_perthread_libspace                0x08000469   Thumb Code     0  libspace.o(.text)
    __user_setup_stackheap                   0x08000471   Thumb Code    74  sys_stackheap_outer.o(.text)
    exit                                     0x080004bb   Thumb Code    18  exit.o(.text)
    BKP_TamperPinCmd                         0x080004cd   Thumb Code     6  stm32f10x_bkp.o(i.BKP_TamperPinCmd)
    DMP_Init                                 0x080004d9   Thumb Code   152  mpu6050.o(i.DMP_Init)
    EXTI9_5_IRQHandler                       0x0800057d   Thumb Code   154  control.o(i.EXTI9_5_IRQHandler)
    EXTI_ClearITPendingBit                   0x08000635   Thumb Code     6  stm32f10x_exti.o(i.EXTI_ClearITPendingBit)
    EXTI_Init                                0x08000641   Thumb Code   142  stm32f10x_exti.o(i.EXTI_Init)
    EncoderL_Init                            0x080006d5   Thumb Code   122  encoder.o(i.EncoderL_Init)
    EncoderR_Init                            0x08000755   Thumb Code   138  encoder.o(i.EncoderR_Init)
    GPIO_EXTILineConfig                      0x080007e9   Thumb Code    60  stm32f10x_gpio.o(i.GPIO_EXTILineConfig)
    GPIO_Init                                0x08000829   Thumb Code   278  stm32f10x_gpio.o(i.GPIO_Init)
    GPIO_ResetBits                           0x0800093f   Thumb Code     4  stm32f10x_gpio.o(i.GPIO_ResetBits)
    GPIO_SetBits                             0x08000943   Thumb Code     4  stm32f10x_gpio.o(i.GPIO_SetBits)
    Get_Angle                                0x08000949   Thumb Code    36  control.o(i.Get_Angle)
    Get_Encoder                              0x0800097d   Thumb Code    52  encoder.o(i.Get_Encoder)
    I2C_ReadOneByte                          0x080009b5   Thumb Code    70  ioi2c.o(i.I2C_ReadOneByte)
    IIC_Ack                                  0x080009fd   Thumb Code    64  ioi2c.o(i.IIC_Ack)
    IIC_Init                                 0x08000a49   Thumb Code    40  ioi2c.o(i.IIC_Init)
    IIC_NAck                                 0x08000a75   Thumb Code    62  ioi2c.o(i.IIC_NAck)
    IIC_Read_Byte                            0x08000ac1   Thumb Code    98  ioi2c.o(i.IIC_Read_Byte)
    IIC_Send_Byte                            0x08000b31   Thumb Code    88  ioi2c.o(i.IIC_Send_Byte)
    IIC_Start                                0x08000b95   Thumb Code    92  ioi2c.o(i.IIC_Start)
    IIC_Stop                                 0x08000bfd   Thumb Code    60  ioi2c.o(i.IIC_Stop)
    IIC_Wait_Ack                             0x08000c45   Thumb Code    92  ioi2c.o(i.IIC_Wait_Ack)
    IICreadByte                              0x08000cad   Thumb Code    22  ioi2c.o(i.IICreadByte)
    IICwriteBit                              0x08000cc3   Thumb Code    64  ioi2c.o(i.IICwriteBit)
    IICwriteBits                             0x08000d03   Thumb Code   106  ioi2c.o(i.IICwriteBits)
    IICwriteByte                             0x08000d6d   Thumb Code    20  ioi2c.o(i.IICwriteByte)
    IICwriteBytes                            0x08000d81   Thumb Code    70  ioi2c.o(i.IICwriteBytes)
    JTAG_Set                                 0x08000dc9   Thumb Code    38  sys.o(i.JTAG_Set)
    Led_Flash                                0x08000df9   Thumb Code    86  led.o(i.Led_Flash)
    Led_Init                                 0x08000e5d   Thumb Code    50  led.o(i.Led_Init)
    MPU6050_initialize                       0x08000e95   Thumb Code    40  mpu6050.o(i.MPU6050_initialize)
    MPU6050_setClockSource                   0x08000ebd   Thumb Code    20  mpu6050.o(i.MPU6050_setClockSource)
    MPU6050_setFullScaleAccelRange           0x08000ed1   Thumb Code    20  mpu6050.o(i.MPU6050_setFullScaleAccelRange)
    MPU6050_setFullScaleGyroRange            0x08000ee5   Thumb Code    20  mpu6050.o(i.MPU6050_setFullScaleGyroRange)
    MPU6050_setI2CBypassEnabled              0x08000ef9   Thumb Code    18  mpu6050.o(i.MPU6050_setI2CBypassEnabled)
    MPU6050_setI2CMasterModeEnabled          0x08000f0b   Thumb Code    18  mpu6050.o(i.MPU6050_setI2CMasterModeEnabled)
    MPU6050_setSleepEnabled                  0x08000f1d   Thumb Code    18  mpu6050.o(i.MPU6050_setSleepEnabled)
    MiniBalance_EXTI_Init                    0x08000f31   Thumb Code   104  exti.o(i.MiniBalance_EXTI_Init)
    NVIC_Init                                0x08000f9d   Thumb Code   100  misc.o(i.NVIC_Init)
    OLED_Clear                               0x0800100d   Thumb Code    42  oled.o(i.OLED_Clear)
    OLED_DrawPoint                           0x0800103d   Thumb Code   100  oled.o(i.OLED_DrawPoint)
    OLED_Init                                0x080010a5   Thumb Code   324  oled.o(i.OLED_Init)
    OLED_Refresh_Gram                        0x080011f9   Thumb Code    70  oled.o(i.OLED_Refresh_Gram)
    OLED_ShowChar                            0x08001245   Thumb Code   158  oled.o(i.OLED_ShowChar)
    OLED_ShowNumber                          0x080012ed   Thumb Code   148  oled.o(i.OLED_ShowNumber)
    OLED_ShowString                          0x08001381   Thumb Code    68  oled.o(i.OLED_ShowString)
    OLED_WR_Byte                             0x080013c5   Thumb Code    78  oled.o(i.OLED_WR_Byte)
    PID_BControl                             0x0800141d   Thumb Code    70  control.o(i.PID_BControl)
    PWM_Init                                 0x08001475   Thumb Code   140  motor.o(i.PWM_Init)
    PWR_BackupAccessCmd                      0x08001505   Thumb Code     6  stm32f10x_pwr.o(i.PWR_BackupAccessCmd)
    RCC_APB1PeriphClockCmd                   0x08001511   Thumb Code    26  stm32f10x_rcc.o(i.RCC_APB1PeriphClockCmd)
    RCC_APB2PeriphClockCmd                   0x08001531   Thumb Code    26  stm32f10x_rcc.o(i.RCC_APB2PeriphClockCmd)
    RCC_LSEConfig                            0x08001551   Thumb Code    46  stm32f10x_rcc.o(i.RCC_LSEConfig)
    Read_DMP                                 0x08001585   Thumb Code   216  mpu6050.o(i.Read_DMP)
    Set_Pwm                                  0x08001769   Thumb Code   110  control.o(i.Set_Pwm)
    SysTick_CLKSourceConfig                  0x080017e5   Thumb Code    40  misc.o(i.SysTick_CLKSourceConfig)
    SystemInit                               0x0800180d   Thumb Code    78  system_stm32f10x.o(i.SystemInit)
    TIM_ARRPreloadConfig                     0x0800186d   Thumb Code    24  stm32f10x_tim.o(i.TIM_ARRPreloadConfig)
    TIM_Cmd                                  0x08001885   Thumb Code    24  stm32f10x_tim.o(i.TIM_Cmd)
    TIM_CtrlPWMOutputs                       0x0800189d   Thumb Code    30  stm32f10x_tim.o(i.TIM_CtrlPWMOutputs)
    TIM_OC1Init                              0x080018bd   Thumb Code   132  stm32f10x_tim.o(i.TIM_OC1Init)
    TIM_OC1PreloadConfig                     0x08001955   Thumb Code    18  stm32f10x_tim.o(i.TIM_OC1PreloadConfig)
    TIM_OC4Init                              0x08001969   Thumb Code   114  stm32f10x_tim.o(i.TIM_OC4Init)
    TIM_OC4PreloadConfig                     0x080019e5   Thumb Code    26  stm32f10x_tim.o(i.TIM_OC4PreloadConfig)
    TIM_TimeBaseInit                         0x08001a01   Thumb Code   122  stm32f10x_tim.o(i.TIM_TimeBaseInit)
    XianFu                                   0x08001aa5   Thumb Code    20  control.o(i.XianFu)
    __ARM_fpclassify                         0x08001abd   Thumb Code    40  fpclassify.o(i.__ARM_fpclassify)
    __kernel_poly                            0x08001ae5   Thumb Code   170  poly.o(i.__kernel_poly)
    __mathlib_dbl_infnan                     0x08001b8f   Thumb Code     6  dunder.o(i.__mathlib_dbl_infnan)
    __mathlib_dbl_invalid                    0x08001b95   Thumb Code    12  dunder.o(i.__mathlib_dbl_invalid)
    __mathlib_dbl_underflow                  0x08001ba1   Thumb Code    10  dunder.o(i.__mathlib_dbl_underflow)
    _sys_exit                                0x08001bb1   Thumb Code     6  usart.o(i._sys_exit)
    asin                                     0x08001c61   Thumb Code   572  asin.o(i.asin)
    delay_init                               0x08001f35   Thumb Code    50  delay.o(i.delay_init)
    delay_ms                                 0x08001f79   Thumb Code    72  delay.o(i.delay_ms)
    delay_us                                 0x08001fc5   Thumb Code    72  delay.o(i.delay_us)
    dmp_enable_6x_lp_quat                    0x08002011   Thumb Code    60  inv_mpu_dmp_motion_driver.o(i.dmp_enable_6x_lp_quat)
    dmp_enable_feature                       0x0800204d   Thumb Code   530  inv_mpu_dmp_motion_driver.o(i.dmp_enable_feature)
    dmp_enable_gyro_cal                      0x08002269   Thumb Code    62  inv_mpu_dmp_motion_driver.o(i.dmp_enable_gyro_cal)
    dmp_enable_lp_quat                       0x080022c1   Thumb Code    60  inv_mpu_dmp_motion_driver.o(i.dmp_enable_lp_quat)
    dmp_load_motion_driver_firmware          0x080022fd   Thumb Code    20  inv_mpu_dmp_motion_driver.o(i.dmp_load_motion_driver_firmware)
    dmp_read_fifo                            0x08002315   Thumb Code   456  inv_mpu_dmp_motion_driver.o(i.dmp_read_fifo)
    dmp_set_accel_bias                       0x080024e1   Thumb Code   300  inv_mpu_dmp_motion_driver.o(i.dmp_set_accel_bias)
    dmp_set_fifo_rate                        0x08002611   Thumb Code    96  inv_mpu_dmp_motion_driver.o(i.dmp_set_fifo_rate)
    dmp_set_gyro_bias                        0x08002681   Thumb Code   294  inv_mpu_dmp_motion_driver.o(i.dmp_set_gyro_bias)
    dmp_set_orientation                      0x080027b1   Thumb Code   290  inv_mpu_dmp_motion_driver.o(i.dmp_set_orientation)
    dmp_set_shake_reject_thresh              0x080028e9   Thumb Code    56  inv_mpu_dmp_motion_driver.o(i.dmp_set_shake_reject_thresh)
    dmp_set_shake_reject_time                0x08002921   Thumb Code    38  inv_mpu_dmp_motion_driver.o(i.dmp_set_shake_reject_time)
    dmp_set_shake_reject_timeout             0x08002947   Thumb Code    38  inv_mpu_dmp_motion_driver.o(i.dmp_set_shake_reject_timeout)
    dmp_set_tap_axes                         0x0800296d   Thumb Code    70  inv_mpu_dmp_motion_driver.o(i.dmp_set_tap_axes)
    dmp_set_tap_count                        0x080029b3   Thumb Code    38  inv_mpu_dmp_motion_driver.o(i.dmp_set_tap_count)
    dmp_set_tap_thresh                       0x080029d9   Thumb Code   396  inv_mpu_dmp_motion_driver.o(i.dmp_set_tap_thresh)
    dmp_set_tap_time                         0x08002b79   Thumb Code    38  inv_mpu_dmp_motion_driver.o(i.dmp_set_tap_time)
    dmp_set_tap_time_multi                   0x08002b9f   Thumb Code    38  inv_mpu_dmp_motion_driver.o(i.dmp_set_tap_time_multi)
    i2cRead                                  0x080031f9   Thumb Code   118  ioi2c.o(i.i2cRead)
    i2cWrite                                 0x0800326f   Thumb Code    96  ioi2c.o(i.i2cWrite)
    main                                     0x08003345   Thumb Code    68  main.o(i.main)
    mpu_configure_fifo                       0x08003389   Thumb Code   106  inv_mpu.o(i.mpu_configure_fifo)
    mpu_get_accel_fsr                        0x080033f9   Thumb Code    72  inv_mpu.o(i.mpu_get_accel_fsr)
    mpu_get_accel_sens                       0x08003445   Thumb Code    78  inv_mpu.o(i.mpu_get_accel_sens)
    mpu_get_fifo_config                      0x08003499   Thumb Code    12  inv_mpu.o(i.mpu_get_fifo_config)
    mpu_get_gyro_fsr                         0x080034a9   Thumb Code    64  inv_mpu.o(i.mpu_get_gyro_fsr)
    mpu_get_gyro_sens                        0x080034ed   Thumb Code    58  inv_mpu.o(i.mpu_get_gyro_sens)
    mpu_get_lpf                              0x0800353d   Thumb Code    74  inv_mpu.o(i.mpu_get_lpf)
    mpu_get_sample_rate                      0x0800358d   Thumb Code    26  inv_mpu.o(i.mpu_get_sample_rate)
    mpu_init                                 0x080035ad   Thumb Code   396  inv_mpu.o(i.mpu_init)
    mpu_load_firmware                        0x0800373d   Thumb Code   180  inv_mpu.o(i.mpu_load_firmware)
    mpu_lp_accel_mode                        0x080037f5   Thumb Code   218  inv_mpu.o(i.mpu_lp_accel_mode)
    mpu_read_fifo_stream                     0x080038d5   Thumb Code   186  inv_mpu.o(i.mpu_read_fifo_stream)
    mpu_read_mem                             0x08003995   Thumb Code   122  inv_mpu.o(i.mpu_read_mem)
    mpu_reset_fifo                           0x08003a15   Thumb Code   438  inv_mpu.o(i.mpu_reset_fifo)
    mpu_run_self_test                        0x08003bd1   Thumb Code   278  inv_mpu.o(i.mpu_run_self_test)
    mpu_set_accel_fsr                        0x08003ced   Thumb Code   126  inv_mpu.o(i.mpu_set_accel_fsr)
    mpu_set_bypass                           0x08003d71   Thumb Code   328  inv_mpu.o(i.mpu_set_bypass)
    mpu_set_dmp_state                        0x08003ebd   Thumb Code   138  inv_mpu.o(i.mpu_set_dmp_state)
    mpu_set_gyro_fsr                         0x08003f4d   Thumb Code   132  inv_mpu.o(i.mpu_set_gyro_fsr)
    mpu_set_int_latched                      0x08003fd5   Thumb Code   102  inv_mpu.o(i.mpu_set_int_latched)
    mpu_set_lpf                              0x08004041   Thumb Code   126  inv_mpu.o(i.mpu_set_lpf)
    mpu_set_sample_rate                      0x080040c5   Thumb Code   152  inv_mpu.o(i.mpu_set_sample_rate)
    mpu_set_sensors                          0x08004161   Thumb Code   202  inv_mpu.o(i.mpu_set_sensors)
    mpu_write_mem                            0x08004231   Thumb Code   122  inv_mpu.o(i.mpu_write_mem)
    myabs                                    0x080042b1   Thumb Code    14  control.o(i.myabs)
    myget_ms                                 0x080042bf   Thumb Code     2  inv_mpu.o(i.myget_ms)
    oled_pow                                 0x080042c1   Thumb Code    22  oled.o(i.oled_pow)
    oled_show                                0x080042d9   Thumb Code    96  show.o(i.oled_show)
    sqrt                                     0x0800446d   Thumb Code    76  sqrt.o(i.sqrt)
    velocity                                 0x080044b9   Thumb Code   234  control.o(i.velocity)
    __aeabi_d2f                              0x080045d5   Thumb Code     0  d2f.o(x$fpl$d2f)
    _d2f                                     0x080045d5   Thumb Code    98  d2f.o(x$fpl$d2f)
    __aeabi_dadd                             0x08004639   Thumb Code     0  daddsub_clz.o(x$fpl$dadd)
    _dadd                                    0x08004639   Thumb Code   332  daddsub_clz.o(x$fpl$dadd)
    __fpl_dcheck_NaN1                        0x08004789   Thumb Code    10  dcheck1.o(x$fpl$dcheck1)
    __aeabi_ddiv                             0x08004799   Thumb Code     0  ddiv.o(x$fpl$ddiv)
    _ddiv                                    0x08004799   Thumb Code   552  ddiv.o(x$fpl$ddiv)
    __aeabi_dmul                             0x08004a49   Thumb Code     0  dmul.o(x$fpl$dmul)
    _dmul                                    0x08004a49   Thumb Code   332  dmul.o(x$fpl$dmul)
    __fpl_dnaninf                            0x08004b9d   Thumb Code   156  dnaninf.o(x$fpl$dnaninf)
    __fpl_dretinf                            0x08004c39   Thumb Code    12  dretinf.o(x$fpl$dretinf)
    __aeabi_drsub                            0x08004c45   Thumb Code     0  daddsub_clz.o(x$fpl$drsb)
    _drsb                                    0x08004c45   Thumb Code    22  daddsub_clz.o(x$fpl$drsb)
    _dsqrt                                   0x08004c5d   Thumb Code   456  dsqrt_noumaal.o(x$fpl$dsqrt)
    __aeabi_dsub                             0x08004e29   Thumb Code     0  daddsub_clz.o(x$fpl$dsub)
    _dsub                                    0x08004e29   Thumb Code   464  daddsub_clz.o(x$fpl$dsub)
    __aeabi_f2d                              0x08004ffd   Thumb Code     0  f2d.o(x$fpl$f2d)
    _f2d                                     0x08004ffd   Thumb Code    86  f2d.o(x$fpl$f2d)
    __aeabi_fadd                             0x08005055   Thumb Code     0  faddsub_clz.o(x$fpl$fadd)
    _fadd                                    0x08005055   Thumb Code   196  faddsub_clz.o(x$fpl$fadd)
    __fpl_fcmp_Inf                           0x08005119   Thumb Code    24  fcmpi.o(x$fpl$fcmpinf)
    __aeabi_fdiv                             0x08005131   Thumb Code     0  fdiv.o(x$fpl$fdiv)
    _fdiv                                    0x08005131   Thumb Code   384  fdiv.o(x$fpl$fdiv)
    __aeabi_cfcmpeq                          0x080052b5   Thumb Code     0  feqf.o(x$fpl$feqf)
    _fcmpeq                                  0x080052b5   Thumb Code   104  feqf.o(x$fpl$feqf)
    __aeabi_f2iz                             0x0800531d   Thumb Code     0  ffix.o(x$fpl$ffix)
    _ffix                                    0x0800531d   Thumb Code    54  ffix.o(x$fpl$ffix)
    __aeabi_f2uiz                            0x08005355   Thumb Code     0  ffixu.o(x$fpl$ffixu)
    _ffixu                                   0x08005355   Thumb Code    62  ffixu.o(x$fpl$ffixu)
    __aeabi_i2f                              0x08005395   Thumb Code     0  fflt_clz.o(x$fpl$fflt)
    _fflt                                    0x08005395   Thumb Code    48  fflt_clz.o(x$fpl$fflt)
    __aeabi_ui2f                             0x080053c5   Thumb Code     0  fflt_clz.o(x$fpl$ffltu)
    _ffltu                                   0x080053c5   Thumb Code    38  fflt_clz.o(x$fpl$ffltu)
    __aeabi_cfcmple                          0x080053ed   Thumb Code     0  fleqf.o(x$fpl$fleqf)
    _fcmple                                  0x080053ed   Thumb Code   104  fleqf.o(x$fpl$fleqf)
    __fpl_fcmple_InfNaN                      0x0800543f   Thumb Code     0  fleqf.o(x$fpl$fleqf)
    __aeabi_fmul                             0x08005455   Thumb Code     0  fmul.o(x$fpl$fmul)
    _fmul                                    0x08005455   Thumb Code   258  fmul.o(x$fpl$fmul)
    __fpl_fnaninf                            0x08005557   Thumb Code   140  fnaninf.o(x$fpl$fnaninf)
    __fpl_fretinf                            0x080055e3   Thumb Code    10  fretinf.o(x$fpl$fretinf)
    __aeabi_cfrcmple                         0x080055ed   Thumb Code     0  frleqf.o(x$fpl$frleqf)
    _frcmple                                 0x080055ed   Thumb Code    98  frleqf.o(x$fpl$frleqf)
    __aeabi_fsub                             0x08005651   Thumb Code     0  faddsub_clz.o(x$fpl$fsub)
    _fsub                                    0x08005651   Thumb Code   234  faddsub_clz.o(x$fpl$fsub)
    __fpl_return_NaN                         0x0800573b   Thumb Code   100  retnan.o(x$fpl$retnan)
    __ARM_scalbn                             0x0800579f   Thumb Code    92  scalbn.o(x$fpl$scalbn)
    __fpl_cmpreturn                          0x080057fb   Thumb Code    48  trapv.o(x$fpl$trapveneer)
    __I$use$fp                               0x0800582a   Number         0  usenofp.o(x$fpl$usenofp)
    hw                                       0x0800582c   Data          12  inv_mpu.o(.constdata)
    reg                                      0x08005838   Data          27  inv_mpu.o(.constdata)
    test                                     0x08005854   Data          40  inv_mpu.o(.constdata)
    Region$$Table$$Base                      0x080064c8   Number         0  anon$$obj.o(Region$$Table)
    Region$$Table$$Limit                     0x080064e8   Number         0  anon$$obj.o(Region$$Table)
    gyro                                     0x20001f34   Data           6  mpu6050.o(.data)
    accel                                    0x20001f3a   Data           6  mpu6050.o(.data)
    sensors                                  0x20001f40   Data           2  mpu6050.o(.data)
    Pitch                                    0x20001f44   Data           4  mpu6050.o(.data)
    q0                                       0x20001f48   Data           4  mpu6050.o(.data)
    q1                                       0x20001f4c   Data           4  mpu6050.o(.data)
    q2                                       0x20001f50   Data           4  mpu6050.o(.data)
    q3                                       0x20001f54   Data           4  mpu6050.o(.data)
    Gx_offset                                0x20001f62   Data           2  mpu6050.o(.data)
    Gy_offset                                0x20001f64   Data           2  mpu6050.o(.data)
    Gz_offset                                0x20001f66   Data           2  mpu6050.o(.data)
    Encoder                                  0x20003434   Data           4  control.o(.data)
    Encoder4                                 0x20003438   Data           4  control.o(.data)
    Moto1                                    0x2000343c   Data           4  control.o(.data)
    Moto2                                    0x20003440   Data           4  control.o(.data)
    Angle_Balance                            0x20003444   Data           4  control.o(.data)
    Gyro_Balance                             0x20003448   Data           4  control.o(.data)
    target                                   0x2000344c   Data           4  control.o(.data)
    SystemCoreClock                          0x20003f00   Data           4  system_stm32f10x.o(.data)
    AHBPrescTable                            0x20003f04   Data          16  system_stm32f10x.o(.data)
    OLED_GRAM                                0x20003f14   Data        1024  oled.o(.bss)
    __libspace_start                         0x20004324   Data          96  libspace.o(.bss)
    __temporary_stack_top$libspace           0x20004384   Data           0  libspace.o(.bss)



==============================================================================

Memory Map of the image

  Image Entry point : 0x080000ed

  Load Region LR_IROM1 (Base: 0x08000000, Size: 0x0000a3fc, Max: 0x00010000, ABSOLUTE, COMPRESSED[0x00006c54])

    Execution Region ER_IROM1 (Base: 0x08000000, Size: 0x000064e8, Max: 0x00010000, ABSOLUTE)

    Base Addr    Size         Type   Attr      Idx    E Section Name        Object

    0x08000000   0x000000ec   Data   RO         2918    RESET               startup_stm32f10x_md.o
    0x080000ec   0x00000008   Code   RO         3045  * !!!main             c_w.l(__main.o)
    0x080000f4   0x00000034   Code   RO         3334    !!!scatter          c_w.l(__scatter.o)
    0x08000128   0x00000064   Code   RO         3332    !!dclz77c           c_w.l(__dclz77c.o)
    0x0800018c   0x0000001c   Code   RO         3336    !!handler_zi        c_w.l(__scatter_zi.o)
    0x080001a8   0x00000002   Code   RO         3197    .ARM.Collect$$libinit$$00000000  c_w.l(libinit.o)
    0x080001aa   0x00000000   Code   RO         3209    .ARM.Collect$$libinit$$00000002  c_w.l(libinit2.o)
    0x080001aa   0x00000000   Code   RO         3211    .ARM.Collect$$libinit$$00000004  c_w.l(libinit2.o)
    0x080001aa   0x00000000   Code   RO         3214    .ARM.Collect$$libinit$$0000000A  c_w.l(libinit2.o)
    0x080001aa   0x00000000   Code   RO         3216    .ARM.Collect$$libinit$$0000000C  c_w.l(libinit2.o)
    0x080001aa   0x00000000   Code   RO         3218    .ARM.Collect$$libinit$$0000000E  c_w.l(libinit2.o)
    0x080001aa   0x00000000   Code   RO         3221    .ARM.Collect$$libinit$$00000011  c_w.l(libinit2.o)
    0x080001aa   0x00000000   Code   RO         3223    .ARM.Collect$$libinit$$00000013  c_w.l(libinit2.o)
    0x080001aa   0x00000000   Code   RO         3225    .ARM.Collect$$libinit$$00000015  c_w.l(libinit2.o)
    0x080001aa   0x00000000   Code   RO         3227    .ARM.Collect$$libinit$$00000017  c_w.l(libinit2.o)
    0x080001aa   0x00000000   Code   RO         3229    .ARM.Collect$$libinit$$00000019  c_w.l(libinit2.o)
    0x080001aa   0x00000000   Code   RO         3231    .ARM.Collect$$libinit$$0000001B  c_w.l(libinit2.o)
    0x080001aa   0x00000000   Code   RO         3233    .ARM.Collect$$libinit$$0000001D  c_w.l(libinit2.o)
    0x080001aa   0x00000000   Code   RO         3235    .ARM.Collect$$libinit$$0000001F  c_w.l(libinit2.o)
    0x080001aa   0x00000000   Code   RO         3237    .ARM.Collect$$libinit$$00000021  c_w.l(libinit2.o)
    0x080001aa   0x00000000   Code   RO         3239    .ARM.Collect$$libinit$$00000023  c_w.l(libinit2.o)
    0x080001aa   0x00000000   Code   RO         3241    .ARM.Collect$$libinit$$00000025  c_w.l(libinit2.o)
    0x080001aa   0x00000000   Code   RO         3245    .ARM.Collect$$libinit$$0000002C  c_w.l(libinit2.o)
    0x080001aa   0x00000000   Code   RO         3247    .ARM.Collect$$libinit$$0000002E  c_w.l(libinit2.o)
    0x080001aa   0x00000000   Code   RO         3249    .ARM.Collect$$libinit$$00000030  c_w.l(libinit2.o)
    0x080001aa   0x00000000   Code   RO         3251    .ARM.Collect$$libinit$$00000032  c_w.l(libinit2.o)
    0x080001aa   0x00000002   Code   RO         3252    .ARM.Collect$$libinit$$00000033  c_w.l(libinit2.o)
    0x080001ac   0x00000002   Code   RO         3282    .ARM.Collect$$libshutdown$$00000000  c_w.l(libshutdown.o)
    0x080001ae   0x00000000   Code   RO         3296    .ARM.Collect$$libshutdown$$00000002  c_w.l(libshutdown2.o)
    0x080001ae   0x00000000   Code   RO         3298    .ARM.Collect$$libshutdown$$00000004  c_w.l(libshutdown2.o)
    0x080001ae   0x00000000   Code   RO         3301    .ARM.Collect$$libshutdown$$00000007  c_w.l(libshutdown2.o)
    0x080001ae   0x00000000   Code   RO         3304    .ARM.Collect$$libshutdown$$0000000A  c_w.l(libshutdown2.o)
    0x080001ae   0x00000000   Code   RO         3306    .ARM.Collect$$libshutdown$$0000000C  c_w.l(libshutdown2.o)
    0x080001ae   0x00000000   Code   RO         3309    .ARM.Collect$$libshutdown$$0000000F  c_w.l(libshutdown2.o)
    0x080001ae   0x00000002   Code   RO         3310    .ARM.Collect$$libshutdown$$00000010  c_w.l(libshutdown2.o)
    0x080001b0   0x00000000   Code   RO         3101    .ARM.Collect$$rtentry$$00000000  c_w.l(__rtentry.o)
    0x080001b0   0x00000000   Code   RO         3152    .ARM.Collect$$rtentry$$00000002  c_w.l(__rtentry2.o)
    0x080001b0   0x00000006   Code   RO         3164    .ARM.Collect$$rtentry$$00000004  c_w.l(__rtentry4.o)
    0x080001b6   0x00000000   Code   RO         3154    .ARM.Collect$$rtentry$$00000009  c_w.l(__rtentry2.o)
    0x080001b6   0x00000004   Code   RO         3155    .ARM.Collect$$rtentry$$0000000A  c_w.l(__rtentry2.o)
    0x080001ba   0x00000000   Code   RO         3157    .ARM.Collect$$rtentry$$0000000C  c_w.l(__rtentry2.o)
    0x080001ba   0x00000008   Code   RO         3158    .ARM.Collect$$rtentry$$0000000D  c_w.l(__rtentry2.o)
    0x080001c2   0x00000002   Code   RO         3202    .ARM.Collect$$rtexit$$00000000  c_w.l(rtexit.o)
    0x080001c4   0x00000000   Code   RO         3256    .ARM.Collect$$rtexit$$00000002  c_w.l(rtexit2.o)
    0x080001c4   0x00000004   Code   RO         3257    .ARM.Collect$$rtexit$$00000003  c_w.l(rtexit2.o)
    0x080001c8   0x00000006   Code   RO         3258    .ARM.Collect$$rtexit$$00000004  c_w.l(rtexit2.o)
    0x080001ce   0x00000002   PAD
    0x080001d0   0x00000040   Code   RO         2919    .text               startup_stm32f10x_md.o
    0x08000210   0x00000048   Code   RO         3037    .text               c_w.l(llsdiv.o)
    0x08000258   0x00000058   Code   RO         3039    .text               c_w.l(memcmp.o)
    0x080002b0   0x00000010   Code   RO         3041    .text               c_w.l(aeabi_memset.o)
    0x080002c0   0x00000006   Code   RO         3043    .text               c_w.l(heapauxi.o)
    0x080002c6   0x000000ee   Code   RO         3102    .text               c_w.l(lludivv7m.o)
    0x080003b4   0x00000016   Code   RO         3104    .text               c_w.l(_rserrno.o)
    0x080003ca   0x00000044   Code   RO         3106    .text               c_w.l(rt_memclr.o)
    0x0800040e   0x00000002   PAD
    0x08000410   0x00000008   Code   RO         3173    .text               c_w.l(rt_errno_addr_intlibspace.o)
    0x08000418   0x0000004e   Code   RO         3175    .text               c_w.l(rt_memclr_w.o)
    0x08000466   0x00000002   PAD
    0x08000468   0x00000008   Code   RO         3183    .text               c_w.l(libspace.o)
    0x08000470   0x0000004a   Code   RO         3186    .text               c_w.l(sys_stackheap_outer.o)
    0x080004ba   0x00000012   Code   RO         3190    .text               c_w.l(exit.o)
    0x080004cc   0x0000000c   Code   RO         1460    i.BKP_TamperPinCmd  stm32f10x_bkp.o
    0x080004d8   0x000000a4   Code   RO          417    i.DMP_Init          mpu6050.o
    0x0800057c   0x000000b8   Code   RO          847    i.EXTI9_5_IRQHandler  control.o
    0x08000634   0x0000000c   Code   RO         2973    i.EXTI_ClearITPendingBit  stm32f10x_exti.o
    0x08000640   0x00000094   Code   RO         2978    i.EXTI_Init         stm32f10x_exti.o
    0x080006d4   0x00000080   Code   RO          164    i.EncoderL_Init     encoder.o
    0x08000754   0x00000094   Code   RO          165    i.EncoderR_Init     encoder.o
    0x080007e8   0x00000040   Code   RO         1544    i.GPIO_EXTILineConfig  stm32f10x_gpio.o
    0x08000828   0x00000116   Code   RO         1547    i.GPIO_Init         stm32f10x_gpio.o
    0x0800093e   0x00000004   Code   RO         1554    i.GPIO_ResetBits    stm32f10x_gpio.o
    0x08000942   0x00000004   Code   RO         1555    i.GPIO_SetBits      stm32f10x_gpio.o
    0x08000946   0x00000002   PAD
    0x08000948   0x00000034   Code   RO          848    i.Get_Angle         control.o
    0x0800097c   0x00000038   Code   RO          166    i.Get_Encoder       encoder.o
    0x080009b4   0x00000046   Code   RO          540    i.I2C_ReadOneByte   ioi2c.o
    0x080009fa   0x00000002   PAD
    0x080009fc   0x0000004c   Code   RO          541    i.IIC_Ack           ioi2c.o
    0x08000a48   0x0000002c   Code   RO          542    i.IIC_Init          ioi2c.o
    0x08000a74   0x0000004c   Code   RO          543    i.IIC_NAck          ioi2c.o
    0x08000ac0   0x00000070   Code   RO          544    i.IIC_Read_Byte     ioi2c.o
    0x08000b30   0x00000064   Code   RO          545    i.IIC_Send_Byte     ioi2c.o
    0x08000b94   0x00000068   Code   RO          546    i.IIC_Start         ioi2c.o
    0x08000bfc   0x00000048   Code   RO          547    i.IIC_Stop          ioi2c.o
    0x08000c44   0x00000068   Code   RO          548    i.IIC_Wait_Ack      ioi2c.o
    0x08000cac   0x00000016   Code   RO          549    i.IICreadByte       ioi2c.o
    0x08000cc2   0x00000040   Code   RO          551    i.IICwriteBit       ioi2c.o
    0x08000d02   0x0000006a   Code   RO          552    i.IICwriteBits      ioi2c.o
    0x08000d6c   0x00000014   Code   RO          553    i.IICwriteByte      ioi2c.o
    0x08000d80   0x00000046   Code   RO          554    i.IICwriteBytes     ioi2c.o
    0x08000dc6   0x00000002   PAD
    0x08000dc8   0x00000030   Code   RO          690    i.JTAG_Set          sys.o
    0x08000df8   0x00000064   Code   RO          206    i.Led_Flash         led.o
    0x08000e5c   0x00000038   Code   RO          207    i.Led_Init          led.o
    0x08000e94   0x00000028   Code   RO          419    i.MPU6050_initialize  mpu6050.o
    0x08000ebc   0x00000014   Code   RO          421    i.MPU6050_setClockSource  mpu6050.o
    0x08000ed0   0x00000014   Code   RO          422    i.MPU6050_setFullScaleAccelRange  mpu6050.o
    0x08000ee4   0x00000014   Code   RO          423    i.MPU6050_setFullScaleGyroRange  mpu6050.o
    0x08000ef8   0x00000012   Code   RO          424    i.MPU6050_setI2CBypassEnabled  mpu6050.o
    0x08000f0a   0x00000012   Code   RO          425    i.MPU6050_setI2CMasterModeEnabled  mpu6050.o
    0x08000f1c   0x00000012   Code   RO          426    i.MPU6050_setSleepEnabled  mpu6050.o
    0x08000f2e   0x00000002   PAD
    0x08000f30   0x0000006c   Code   RO          662    i.MiniBalance_EXTI_Init  exti.o
    0x08000f9c   0x00000070   Code   RO         1403    i.NVIC_Init         misc.o
    0x0800100c   0x00000030   Code   RO          296    i.OLED_Clear        oled.o
    0x0800103c   0x00000068   Code   RO          299    i.OLED_DrawPoint    oled.o
    0x080010a4   0x00000154   Code   RO          300    i.OLED_Init         oled.o
    0x080011f8   0x0000004c   Code   RO          301    i.OLED_Refresh_Gram  oled.o
    0x08001244   0x000000a8   Code   RO          302    i.OLED_ShowChar     oled.o
    0x080012ec   0x00000094   Code   RO          303    i.OLED_ShowNumber   oled.o
    0x08001380   0x00000044   Code   RO          304    i.OLED_ShowString   oled.o
    0x080013c4   0x00000058   Code   RO          305    i.OLED_WR_Byte      oled.o
    0x0800141c   0x00000058   Code   RO          849    i.PID_BControl      control.o
    0x08001474   0x00000090   Code   RO          239    i.PWM_Init          motor.o
    0x08001504   0x0000000c   Code   RO         1883    i.PWR_BackupAccessCmd  stm32f10x_pwr.o
    0x08001510   0x00000020   Code   RO         1957    i.RCC_APB1PeriphClockCmd  stm32f10x_rcc.o
    0x08001530   0x00000020   Code   RO         1959    i.RCC_APB2PeriphClockCmd  stm32f10x_rcc.o
    0x08001550   0x00000034   Code   RO         1975    i.RCC_LSEConfig     stm32f10x_rcc.o
    0x08001584   0x000000fc   Code   RO          428    i.Read_DMP          mpu6050.o
    0x08001680   0x00000008   Code   RO         2926    i.SetSysClock       system_stm32f10x.o
    0x08001688   0x000000e0   Code   RO         2927    i.SetSysClockTo72   system_stm32f10x.o
    0x08001768   0x0000007c   Code   RO          850    i.Set_Pwm           control.o
    0x080017e4   0x00000028   Code   RO         1407    i.SysTick_CLKSourceConfig  misc.o
    0x0800180c   0x00000060   Code   RO         2929    i.SystemInit        system_stm32f10x.o
    0x0800186c   0x00000018   Code   RO         2171    i.TIM_ARRPreloadConfig  stm32f10x_tim.o
    0x08001884   0x00000018   Code   RO         2183    i.TIM_Cmd           stm32f10x_tim.o
    0x0800189c   0x0000001e   Code   RO         2185    i.TIM_CtrlPWMOutputs  stm32f10x_tim.o
    0x080018ba   0x00000002   PAD
    0x080018bc   0x00000098   Code   RO         2212    i.TIM_OC1Init       stm32f10x_tim.o
    0x08001954   0x00000012   Code   RO         2215    i.TIM_OC1PreloadConfig  stm32f10x_tim.o
    0x08001966   0x00000002   PAD
    0x08001968   0x0000007c   Code   RO         2227    i.TIM_OC4Init       stm32f10x_tim.o
    0x080019e4   0x0000001a   Code   RO         2229    i.TIM_OC4PreloadConfig  stm32f10x_tim.o
    0x080019fe   0x00000002   PAD
    0x08001a00   0x000000a4   Code   RO         2254    i.TIM_TimeBaseInit  stm32f10x_tim.o
    0x08001aa4   0x00000018   Code   RO          851    i.XianFu            control.o
    0x08001abc   0x00000028   Code   RO         3139    i.__ARM_fpclassify  m_ws.l(fpclassify.o)
    0x08001ae4   0x000000aa   Code   RO         3141    i.__kernel_poly     m_ws.l(poly.o)
    0x08001b8e   0x00000006   Code   RO         3126    i.__mathlib_dbl_infnan  m_ws.l(dunder.o)
    0x08001b94   0x0000000c   Code   RO         3128    i.__mathlib_dbl_invalid  m_ws.l(dunder.o)
    0x08001ba0   0x00000010   Code   RO         3131    i.__mathlib_dbl_underflow  m_ws.l(dunder.o)
    0x08001bb0   0x00000006   Code   RO          811    i._sys_exit         usart.o
    0x08001bb6   0x00000002   PAD
    0x08001bb8   0x000000a8   Code   RO          914    i.accel_self_test   inv_mpu.o
    0x08001c60   0x00000270   Code   RO         3092    i.asin              m_ws.l(asin.o)
    0x08001ed0   0x00000064   Code   RO         1214    i.decode_gesture    inv_mpu_dmp_motion_driver.o
    0x08001f34   0x00000044   Code   RO          773    i.delay_init        delay.o
    0x08001f78   0x0000004c   Code   RO          774    i.delay_ms          delay.o
    0x08001fc4   0x0000004c   Code   RO          775    i.delay_us          delay.o
    0x08002010   0x0000003c   Code   RO         1215    i.dmp_enable_6x_lp_quat  inv_mpu_dmp_motion_driver.o
    0x0800204c   0x0000021c   Code   RO         1216    i.dmp_enable_feature  inv_mpu_dmp_motion_driver.o
    0x08002268   0x00000058   Code   RO         1217    i.dmp_enable_gyro_cal  inv_mpu_dmp_motion_driver.o
    0x080022c0   0x0000003c   Code   RO         1218    i.dmp_enable_lp_quat  inv_mpu_dmp_motion_driver.o
    0x080022fc   0x00000018   Code   RO         1223    i.dmp_load_motion_driver_firmware  inv_mpu_dmp_motion_driver.o
    0x08002314   0x000001cc   Code   RO         1224    i.dmp_read_fifo     inv_mpu_dmp_motion_driver.o
    0x080024e0   0x00000130   Code   RO         1227    i.dmp_set_accel_bias  inv_mpu_dmp_motion_driver.o
    0x08002610   0x00000070   Code   RO         1228    i.dmp_set_fifo_rate  inv_mpu_dmp_motion_driver.o
    0x08002680   0x00000130   Code   RO         1229    i.dmp_set_gyro_bias  inv_mpu_dmp_motion_driver.o
    0x080027b0   0x00000138   Code   RO         1231    i.dmp_set_orientation  inv_mpu_dmp_motion_driver.o
    0x080028e8   0x00000038   Code   RO         1234    i.dmp_set_shake_reject_thresh  inv_mpu_dmp_motion_driver.o
    0x08002920   0x00000026   Code   RO         1235    i.dmp_set_shake_reject_time  inv_mpu_dmp_motion_driver.o
    0x08002946   0x00000026   Code   RO         1236    i.dmp_set_shake_reject_timeout  inv_mpu_dmp_motion_driver.o
    0x0800296c   0x00000046   Code   RO         1237    i.dmp_set_tap_axes  inv_mpu_dmp_motion_driver.o
    0x080029b2   0x00000026   Code   RO         1238    i.dmp_set_tap_count  inv_mpu_dmp_motion_driver.o
    0x080029d8   0x000001a0   Code   RO         1239    i.dmp_set_tap_thresh  inv_mpu_dmp_motion_driver.o
    0x08002b78   0x00000026   Code   RO         1240    i.dmp_set_tap_time  inv_mpu_dmp_motion_driver.o
    0x08002b9e   0x00000026   Code   RO         1241    i.dmp_set_tap_time_multi  inv_mpu_dmp_motion_driver.o
    0x08002bc4   0x000000b4   Code   RO          915    i.get_accel_prod_shift  inv_mpu.o
    0x08002c78   0x00000470   Code   RO          916    i.get_st_biases     inv_mpu.o
    0x080030e8   0x00000110   Code   RO          917    i.gyro_self_test    inv_mpu.o
    0x080031f8   0x00000076   Code   RO          555    i.i2cRead           ioi2c.o
    0x0800326e   0x00000060   Code   RO          556    i.i2cWrite          ioi2c.o
    0x080032ce   0x00000028   Code   RO          430    i.inv_orientation_matrix_to_scalar  mpu6050.o
    0x080032f6   0x0000004e   Code   RO          431    i.inv_row_2_scale   mpu6050.o
    0x08003344   0x00000044   Code   RO            4    i.main              main.o
    0x08003388   0x00000070   Code   RO          918    i.mpu_configure_fifo  inv_mpu.o
    0x080033f8   0x0000004c   Code   RO          919    i.mpu_get_accel_fsr  inv_mpu.o
    0x08003444   0x00000054   Code   RO          921    i.mpu_get_accel_sens  inv_mpu.o
    0x08003498   0x00000010   Code   RO          926    i.mpu_get_fifo_config  inv_mpu.o
    0x080034a8   0x00000044   Code   RO          927    i.mpu_get_gyro_fsr  inv_mpu.o
    0x080034ec   0x00000050   Code   RO          929    i.mpu_get_gyro_sens  inv_mpu.o
    0x0800353c   0x00000050   Code   RO          931    i.mpu_get_lpf       inv_mpu.o
    0x0800358c   0x00000020   Code   RO          933    i.mpu_get_sample_rate  inv_mpu.o
    0x080035ac   0x00000190   Code   RO          935    i.mpu_init          inv_mpu.o
    0x0800373c   0x000000b8   Code   RO          936    i.mpu_load_firmware  inv_mpu.o
    0x080037f4   0x000000e0   Code   RO          937    i.mpu_lp_accel_mode  inv_mpu.o
    0x080038d4   0x000000c0   Code   RO          940    i.mpu_read_fifo_stream  inv_mpu.o
    0x08003994   0x00000080   Code   RO          941    i.mpu_read_mem      inv_mpu.o
    0x08003a14   0x000001bc   Code   RO          944    i.mpu_reset_fifo    inv_mpu.o
    0x08003bd0   0x0000011c   Code   RO          945    i.mpu_run_self_test  inv_mpu.o
    0x08003cec   0x00000084   Code   RO          947    i.mpu_set_accel_fsr  inv_mpu.o
    0x08003d70   0x0000014c   Code   RO          948    i.mpu_set_bypass    inv_mpu.o
    0x08003ebc   0x00000090   Code   RO          950    i.mpu_set_dmp_state  inv_mpu.o
    0x08003f4c   0x00000088   Code   RO          951    i.mpu_set_gyro_fsr  inv_mpu.o
    0x08003fd4   0x0000006c   Code   RO          952    i.mpu_set_int_latched  inv_mpu.o
    0x08004040   0x00000084   Code   RO          954    i.mpu_set_lpf       inv_mpu.o
    0x080040c4   0x0000009c   Code   RO          955    i.mpu_set_sample_rate  inv_mpu.o
    0x08004160   0x000000d0   Code   RO          956    i.mpu_set_sensors   inv_mpu.o
    0x08004230   0x00000080   Code   RO          957    i.mpu_write_mem     inv_mpu.o
    0x080042b0   0x0000000e   Code   RO          852    i.myabs             control.o
    0x080042be   0x00000002   Code   RO          958    i.myget_ms          inv_mpu.o
    0x080042c0   0x00000016   Code   RO          306    i.oled_pow          oled.o
    0x080042d6   0x00000002   PAD
    0x080042d8   0x00000074   Code   RO          384    i.oled_show         show.o
    0x0800434c   0x00000090   Code   RO          432    i.run_self_test     mpu6050.o
    0x080043dc   0x00000090   Code   RO          959    i.set_int_enable    inv_mpu.o
    0x0800446c   0x0000004c   Code   RO         3144    i.sqrt              m_ws.l(sqrt.o)
    0x080044b8   0x0000011c   Code   RO          853    i.velocity          control.o
    0x080045d4   0x00000062   Code   RO         3047    x$fpl$d2f           fz_ws.l(d2f.o)
    0x08004636   0x00000002   PAD
    0x08004638   0x00000150   Code   RO         3049    x$fpl$dadd          fz_ws.l(daddsub_clz.o)
    0x08004788   0x00000010   Code   RO         3177    x$fpl$dcheck1       fz_ws.l(dcheck1.o)
    0x08004798   0x000002b0   Code   RO         3109    x$fpl$ddiv          fz_ws.l(ddiv.o)
    0x08004a48   0x00000154   Code   RO         3055    x$fpl$dmul          fz_ws.l(dmul.o)
    0x08004b9c   0x0000009c   Code   RO         3112    x$fpl$dnaninf       fz_ws.l(dnaninf.o)
    0x08004c38   0x0000000c   Code   RO         3114    x$fpl$dretinf       fz_ws.l(dretinf.o)
    0x08004c44   0x00000016   Code   RO         3050    x$fpl$drsb          fz_ws.l(daddsub_clz.o)
    0x08004c5a   0x00000002   PAD
    0x08004c5c   0x000001cc   Code   RO         3181    x$fpl$dsqrt         fz_ws.l(dsqrt_noumaal.o)
    0x08004e28   0x000001d4   Code   RO         3051    x$fpl$dsub          fz_ws.l(daddsub_clz.o)
    0x08004ffc   0x00000056   Code   RO         3057    x$fpl$f2d           fz_ws.l(f2d.o)
    0x08005052   0x00000002   PAD
    0x08005054   0x000000c4   Code   RO         3059    x$fpl$fadd          fz_ws.l(faddsub_clz.o)
    0x08005118   0x00000018   Code   RO         3116    x$fpl$fcmpinf       fz_ws.l(fcmpi.o)
    0x08005130   0x00000184   Code   RO         3066    x$fpl$fdiv          fz_ws.l(fdiv.o)
    0x080052b4   0x00000068   Code   RO         3069    x$fpl$feqf          fz_ws.l(feqf.o)
    0x0800531c   0x00000036   Code   RO         3071    x$fpl$ffix          fz_ws.l(ffix.o)
    0x08005352   0x00000002   PAD
    0x08005354   0x0000003e   Code   RO         3075    x$fpl$ffixu         fz_ws.l(ffixu.o)
    0x08005392   0x00000002   PAD
    0x08005394   0x00000030   Code   RO         3080    x$fpl$fflt          fz_ws.l(fflt_clz.o)
    0x080053c4   0x00000026   Code   RO         3079    x$fpl$ffltu         fz_ws.l(fflt_clz.o)
    0x080053ea   0x00000002   PAD
    0x080053ec   0x00000068   Code   RO         3085    x$fpl$fleqf         fz_ws.l(fleqf.o)
    0x08005454   0x00000102   Code   RO         3087    x$fpl$fmul          fz_ws.l(fmul.o)
    0x08005556   0x0000008c   Code   RO         3118    x$fpl$fnaninf       fz_ws.l(fnaninf.o)
    0x080055e2   0x0000000a   Code   RO         3120    x$fpl$fretinf       fz_ws.l(fretinf.o)
    0x080055ec   0x00000062   Code   RO         3089    x$fpl$frleqf        fz_ws.l(frleqf.o)
    0x0800564e   0x00000002   PAD
    0x08005650   0x000000ea   Code   RO         3061    x$fpl$fsub          fz_ws.l(faddsub_clz.o)
    0x0800573a   0x00000064   Code   RO         3200    x$fpl$retnan        fz_ws.l(retnan.o)
    0x0800579e   0x0000005c   Code   RO         3122    x$fpl$scalbn        fz_ws.l(scalbn.o)
    0x080057fa   0x00000030   Code   RO         3253    x$fpl$trapveneer    fz_ws.l(trapv.o)
    0x0800582a   0x00000000   Code   RO         3124    x$fpl$usenofp       fz_ws.l(usenofp.o)
    0x0800582a   0x00000002   PAD
    0x0800582c   0x00000050   Data   RO          960    .constdata          inv_mpu.o
    0x0800587c   0x00000bf6   Data   RO         1243    .constdata          inv_mpu_dmp_motion_driver.o
    0x08006472   0x00000006   PAD
    0x08006478   0x00000050   Data   RO         3093    .constdata          m_ws.l(asin.o)
    0x080064c8   0x00000020   Data   RO         3330    Region$$Table       anon$$obj.o


    Execution Region RW_IRAM1 (Base: 0x20000000, Size: 0x00004d88, Max: 0x00005000, ABSOLUTE, COMPRESSED[0x0000076c])

    Base Addr    Size         Type   Attr      Idx    E Section Name        Object

    0x20000000   0x00000a6c   Data   RW          208    .data               led.o
    0x20000a6c   0x00000a64   Data   RW          308    .data               oled.o
    0x200014d0   0x00000a98   Data   RW          434    .data               mpu6050.o
    0x20001f68   0x00000a68   Data   RW          776    .data               delay.o
    0x200029d0   0x00000aa0   Data   RW          854    .data               control.o
    0x20003470   0x00000a90   Data   RW          961    .data               inv_mpu.o
    0x20003f00   0x00000014   Data   RW         2930    .data               system_stm32f10x.o
    0x20003f14   0x00000400   Zero   RW          307    .bss                oled.o
    0x20004314   0x00000010   Zero   RW         1242    .bss                inv_mpu_dmp_motion_driver.o
    0x20004324   0x00000060   Zero   RW         3184    .bss                c_w.l(libspace.o)
    0x20004384   0x00000004   PAD
    0x20004388   0x00000400   Zero   RW         2917    HEAP                startup_stm32f10x_md.o
    0x20004788   0x00000600   Zero   RW         2916    STACK               startup_stm32f10x_md.o


==============================================================================

Image component sizes


      Code (inc. data)   RO Data    RW Data    ZI Data      Debug   Object Name

       770        132          0       2720          0       4371   control.o
       220         26          0       2664          0       1547   delay.o
       332         20          0          0          0       1530   encoder.o
       108          4          0          0          0        560   exti.o
      5782        204         80       2704          0      25086   inv_mpu.o
      3096        122       3062          0         16      19250   inv_mpu_dmp_motion_driver.o
      1254         92          0          0          0       9463   ioi2c.o
       156         20          0       2668          0       1087   led.o
        68          0          0          0          0     240055   main.o
       152         12          0          0          0       1694   misc.o
       144          4          0          0          0        567   motor.o
       832         48          0       2712          0      29763   mpu6050.o
      1062         52          0       2660       1024       6040   oled.o
       116         20          0          0          0        428   show.o
        64         26        236          0       2560        796   startup_stm32f10x_md.o
        12          6          0          0          0        543   stm32f10x_bkp.o
       160         12          0          0          0       1649   stm32f10x_exti.o
       350          4          0          0          0       3870   stm32f10x_gpio.o
        12          6          0          0          0        546   stm32f10x_pwr.o
       116         18          0          0          0       1770   stm32f10x_rcc.o
       562         72          0          0          0       5815   stm32f10x_tim.o
        48         10          0          0          0        419   sys.o
       328         28          0         20          0       2165   system_stm32f10x.o
         6          0          0          0          0        444   usart.o

    ----------------------------------------------------------------------
     15768        938       3416      16148       3600     359458   Object Totals
         0          0         32          0          0          0   (incl. Generated)
        18          0          6          0          0          0   (incl. Padding)

    ----------------------------------------------------------------------

      Code (inc. data)   RO Data    RW Data    ZI Data      Debug   Library Member Name

       100          0          0          0          0          0   __dclz77c.o
         8          0          0          0          0         68   __main.o
         0          0          0          0          0          0   __rtentry.o
        12          0          0          0          0          0   __rtentry2.o
         6          0          0          0          0          0   __rtentry4.o
        52          8          0          0          0          0   __scatter.o
        28          0          0          0          0          0   __scatter_zi.o
        22          0          0          0          0        100   _rserrno.o
        16          0          0          0          0         68   aeabi_memset.o
        18          0          0          0          0         80   exit.o
         6          0          0          0          0        152   heapauxi.o
         2          0          0          0          0          0   libinit.o
         2          0          0          0          0          0   libinit2.o
         2          0          0          0          0          0   libshutdown.o
         2          0          0          0          0          0   libshutdown2.o
         8          4          0          0         96         68   libspace.o
        72          0          0          0          0         76   llsdiv.o
       238          0          0          0          0        100   lludivv7m.o
        88          0          0          0          0         76   memcmp.o
         8          4          0          0          0         68   rt_errno_addr_intlibspace.o
        68          0          0          0          0         68   rt_memclr.o
        78          0          0          0          0         80   rt_memclr_w.o
         2          0          0          0          0          0   rtexit.o
        10          0          0          0          0          0   rtexit2.o
        74          0          0          0          0         80   sys_stackheap_outer.o
        98          4          0          0          0         92   d2f.o
       826         16          0          0          0        348   daddsub_clz.o
        16          4          0          0          0         68   dcheck1.o
       688        140          0          0          0        208   ddiv.o
       340         12          0          0          0        104   dmul.o
       156          4          0          0          0         92   dnaninf.o
        12          0          0          0          0         68   dretinf.o
       460         56          0          0          0        120   dsqrt_noumaal.o
        86          4          0          0          0         84   f2d.o
       430          8          0          0          0        168   faddsub_clz.o
        24          0          0          0          0         68   fcmpi.o
       388         76          0          0          0         96   fdiv.o
       104          4          0          0          0         84   feqf.o
        54          4          0          0          0         84   ffix.o
        62          4          0          0          0         84   ffixu.o
        86          0          0          0          0        136   fflt_clz.o
       104          4          0          0          0         84   fleqf.o
       258          4          0          0          0         84   fmul.o
       140          4          0          0          0         84   fnaninf.o
        10          0          0          0          0         68   fretinf.o
        98          0          0          0          0         68   frleqf.o
       100          0          0          0          0         68   retnan.o
        92          0          0          0          0         68   scalbn.o
        48          0          0          0          0         68   trapv.o
         0          0          0          0          0          0   usenofp.o
       624         52         80          0          0        168   asin.o
        34          6          0          0          0        204   dunder.o
        40          0          0          0          0         68   fpclassify.o
       170          0          0          0          0         96   poly.o
        76          0          0          0          0         84   sqrt.o

    ----------------------------------------------------------------------
      6568        422         80          0        100       4200   Library Totals
        22          0          0          0          4          0   (incl. Padding)

    ----------------------------------------------------------------------

      Code (inc. data)   RO Data    RW Data    ZI Data      Debug   Library Name

       922         16          0          0         96       1084   c_w.l
      4680        348          0          0          0       2496   fz_ws.l
       944         58         80          0          0        620   m_ws.l

    ----------------------------------------------------------------------
      6568        422         80          0        100       4200   Library Totals

    ----------------------------------------------------------------------

==============================================================================


      Code (inc. data)   RO Data    RW Data    ZI Data      Debug   

     22336       1360       3496      16148       3700     354762   Grand Totals
     22336       1360       3496       1900       3700     354762   ELF Image Totals (compressed)
     22336       1360       3496       1900          0          0   ROM Totals

==============================================================================

    Total RO  Size (Code + RO Data)                25832 (  25.23kB)
    Total RW  Size (RW Data + ZI Data)             19848 (  19.38kB)
    Total ROM Size (Code + RO Data + RW Data)      27732 (  27.08kB)

==============================================================================

